Component: ARM Compiler 5.06 update 4 (build 422) Tool: armlink [4d35d2]

==============================================================================

Section Cross References

    main.o(i._Z11OnRxTimeoutv) refers to c89vfprintf.o(.text) for __c89vfprintf
    main.o(i._Z11OnRxTimeoutv) refers to main.o(.data) for .data
    main.o(i._Z11OnRxTimeoutv) refers to stdio_streams.o(.bss) for __stderr
    main.o(i._Z11OnTxTimeoutv) refers to c89vfprintf.o(.text) for __c89vfprintf
    main.o(i._Z11OnTxTimeoutv) refers to main.o(.data) for .data
    main.o(i._Z11OnTxTimeoutv) refers to stdio_streams.o(.bss) for __stderr
    main.o(i._Z14LoRaConProcessv) refers to sx1272.o(i._ZN6SX12724InitEP13RadioEvents_t) for SX1272::Init(RadioEvents_t*)
    main.o(i._Z14LoRaConProcessv) refers to sx1272.o(i._ZN6SX127211SetTxConfigE9ModemTypeajjjhtbbbhbj) for SX1272::SetTxConfig(ModemType, signed char, unsigned, unsigned, unsigned, unsigned char, unsigned short, bool, bool, bool, unsigned char, bool, unsigned)
    main.o(i._Z14LoRaConProcessv) refers to sx1272.o(i._ZN6SX127211SetRxConfigE9ModemTypejjhjttbhbbhbb) for SX1272::SetRxConfig(ModemType, unsigned, unsigned, unsigned char, unsigned, unsigned short, unsigned short, bool, unsigned char, bool, bool, unsigned char, bool, bool)
    main.o(i._Z14LoRaConProcessv) refers to sx1272.o(i._ZN6SX127210SetChannelEj) for SX1272::SetChannel(unsigned)
    main.o(i._Z14LoRaConProcessv) refers to sx1272.o(i._ZN6SX12722RxEj) for SX1272::Rx(unsigned)
    main.o(i._Z14LoRaConProcessv) refers to c89vfprintf.o(.text) for __c89vfprintf
    main.o(i._Z14LoRaConProcessv) refers to sx1272.o(i._ZN6SX12725SleepEv) for SX1272::Sleep()
    main.o(i._Z14LoRaConProcessv) refers to main.o(i._Z8debug_ifbPKcz) for debug_if(bool, const char*, ...)
    main.o(i._Z14LoRaConProcessv) refers to main.o(i._Z8OnTxDonev) for OnTxDone()
    main.o(i._Z14LoRaConProcessv) refers to main.o(.bss) for .bss
    main.o(i._Z14LoRaConProcessv) refers to main.o(i._Z8OnRxDonePhtsa) for OnRxDone(unsigned char*, unsigned short, short, signed char)
    main.o(i._Z14LoRaConProcessv) refers to main.o(i._Z9OnRxErrorv) for OnRxError()
    main.o(i._Z14LoRaConProcessv) refers to main.o(i._Z11OnTxTimeoutv) for OnTxTimeout()
    main.o(i._Z14LoRaConProcessv) refers to main.o(i._Z11OnRxTimeoutv) for OnRxTimeout()
    main.o(i._Z14LoRaConProcessv) refers to main.o(i._Z9OnCadDoneb) for OnCadDone(bool)
    main.o(i._Z14LoRaConProcessv) refers to stdio_streams.o(.bss) for __stderr
    main.o(i._Z14LoRaConProcessv) refers to main.o(.data) for .data
    main.o(i._Z8OnRxDonePhtsa) refers to rt_memcpy.o(.text) for __aeabi_memcpy
    main.o(i._Z8OnRxDonePhtsa) refers to c89vfprintf.o(.text) for __c89vfprintf
    main.o(i._Z8OnRxDonePhtsa) refers to main.o(.data) for .data
    main.o(i._Z8OnRxDonePhtsa) refers to stdio_streams.o(.bss) for __stderr
    main.o(i._Z8OnTxDonev) refers to c89vfprintf.o(.text) for __c89vfprintf
    main.o(i._Z8OnTxDonev) refers to main.o(.data) for .data
    main.o(i._Z8OnTxDonev) refers to stdio_streams.o(.bss) for __stderr
    main.o(i._Z8debug_ifbPKcz) refers to c89vfprintf.o(.text) for __c89vfprintf
    main.o(i._Z8debug_ifbPKcz) refers to stdio_streams.o(.bss) for __stderr
    main.o(i._Z9OnRxErrorv) refers to c89vfprintf.o(.text) for __c89vfprintf
    main.o(i._Z9OnRxErrorv) refers to main.o(.data) for .data
    main.o(i._Z9OnRxErrorv) refers to stdio_streams.o(.bss) for __stderr
    main.o(i.__sti___8_main_cpp_State) refers to sx1272-hal.o(i._ZN12SX1272MB2xASC1EP13RadioEvents_t) for SX1272MB2xAS::SX1272MB2xAS(RadioEvents_t*)
    main.o(i.__sti___8_main_cpp_State) refers to retarget.o(i.__aeabi_atexit) for __aeabi_atexit
    main.o(i.__sti___8_main_cpp_State) refers to main.o(.bss) for .bss
    main.o(i.__sti___8_main_cpp_State) refers to main.o(i._ZN12SX1272MB2xASD1Ev) for SX1272MB2xAS::~SX1272MB2xAS()
    main.o(i.main) refers to main.o(i._Z14LoRaConProcessv) for LoRaConProcess()
    main.o(.ARM.exidx) refers to main.o(i._Z9OnCadDoneb) for i._Z9OnCadDoneb
    main.o(.ARM.exidx) refers to main.o(i._Z11OnRxTimeoutv) for i._Z11OnRxTimeoutv
    main.o(.ARM.exidx) refers to main.o(i._Z11OnTxTimeoutv) for i._Z11OnTxTimeoutv
    main.o(.ARM.exidx) refers to main.o(i._Z9OnRxErrorv) for i._Z9OnRxErrorv
    main.o(.ARM.exidx) refers to main.o(i._Z8OnRxDonePhtsa) for i._Z8OnRxDonePhtsa
    main.o(.ARM.exidx) refers to main.o(i._Z8OnTxDonev) for i._Z8OnTxDonev
    main.o(.ARM.exidx) refers to main.o(i._Z14LoRaConProcessv) for i._Z14LoRaConProcessv
    main.o(.ARM.exidx) refers to main.o(i.main) for i.main
    main.o(.ARM.exidx) refers to main.o(i.__sti___8_main_cpp_State) for i.__sti___8_main_cpp_State
    main.o(.ARM.exidx) refers to main.o(i._Z8debug_ifbPKcz) for i._Z8debug_ifbPKcz
    main.o(.init_array) refers to main.o(i.__sti___8_main_cpp_State) for __sti___8_main_cpp_State
    main.o(.init_array) refers to init_aeabi.o(.text) for __cpp_initialize__aeabi_
[...]
    OnTxTimeout()                            0x08005a2d   Thumb Code    22  main.o(i._Z11OnTxTimeoutv)
    LoRaConProcess()                         0x08005a5d   Thumb Code   224  main.o(i._Z14LoRaConProcessv)
    OnRxDone(unsigned char*, unsigned short, short, signed char) 0x08005bc9   Thumb Code    42  main.o(i._Z8OnRxDonePhtsa)
    OnTxDone()                               0x08005c11   Thumb Code    22  main.o(i._Z8OnTxDonev)
    OnCadDone(bool)                          0x08005c61   Thumb Code     2  main.o(i._Z9OnCadDoneb)
    OnRxError()                              0x08005c65   Thumb Code    22  main.o(i._Z9OnRxErrorv)
    SX1272MB2xAS::AntSwDeInit()              0x08005c95   Thumb Code    34  sx1272-hal.o(i._ZN12SX1272MB2xAS11AntSwDeInitEv)
    SX1272MB2xAS::GetPaSelect(unsigned)      0x08005cc1   Thumb Code    24  sx1272-hal.o(i._ZN12SX1272MB2xAS11GetPaSelectEj)
    SX1272MB2xAS::SetAntSwLowPower(bool)     0x08005cd9   Thumb Code    34  sx1272-hal.o(i._ZN12SX1272MB2xAS16SetAntSwLowPowerEb)
    SX1272MB2xAS::Read(unsigned char)        0x08005cfb   Thumb Code    18  sx1272-hal.o(i._ZN12SX1272MB2xAS4ReadEh)
    SX1272MB2xAS::Read(unsigned char, unsigned char*, unsigned char) 0x08005d0d   Thumb Code   106  sx1272-hal.o(i._ZN12SX1272MB2xAS4ReadEhPhh)
    SX1272MB2xAS::Reset()                    0x08005d81   Thumb Code    76  sx1272-hal.o(i._ZN12SX1272MB2xAS5ResetEv)
    SX1272MB2xAS::Write(unsigned char, unsigned char*, unsigned char) 0x08005de9   Thumb Code   104  sx1272-hal.o(i._ZN12SX1272MB2xAS5WriteEhPhh)
    SX1272MB2xAS::Write(unsigned char, unsigned char) 0x08005e59   Thumb Code    16  sx1272-hal.o(i._ZN12SX1272MB2xAS5WriteEhh)
    SX1272MB2xAS::SpiInit()                  0x08005e69   Thumb Code    50  sx1272-hal.o(i._ZN12SX1272MB2xAS7SpiInitEv)
    SX1272MB2xAS::ReadFifo(unsigned char*, unsigned char) 0x08005ea9   Thumb Code    18  sx1272-hal.o(i._ZN12SX1272MB2xAS8ReadFifoEPhh)
    SX1272MB2xAS::SetAntSw(unsigned char)    0x08005ebd   Thumb Code    66  sx1272-hal.o(i._ZN12SX1272MB2xAS8SetAntSwEh)
    SX1272MB2xAS::AntSwInit()                0x08005f09   Thumb Code    34  sx1272-hal.o(i._ZN12SX1272MB2xAS9AntSwInitEv)
    SX1272MB2xAS::IoIrqInit(void(SX1272::**)()) 0x08005f35   Thumb Code   258  sx1272-hal.o(i._ZN12SX1272MB2xAS9IoIrqInitEPM6SX1272FvvE)
    SX1272MB2xAS::WriteFifo(unsigned char*, unsigned char) 0x0800603d   Thumb Code    18  sx1272-hal.o(i._ZN12SX1272MB2xAS9WriteFifoEPhh)
    SX1272MB2xAS::SX1272MB2xAS(RadioEvents_t*) 0x08006051   Thumb Code   364  sx1272-hal.o(i._ZN12SX1272MB2xASC1EP13RadioEvents_t)
    SX1272MB2xAS::SX1272MB2xAS__sub_object(RadioEvents_t*) 0x08006051   Thumb Code     0  sx1272-hal.o(i._ZN12SX1272MB2xASC1EP13RadioEvents_t)
    SX1272MB2xAS::~SX1272MB2xAS()            0x080061cd   Thumb Code     8  main.o(i._ZN12SX1272MB2xASD1Ev)
    SX1272MB2xAS::~SX1272MB2xAS__sub_object() 0x080061cd   Thumb Code     0  main.o(i._ZN12SX1272MB2xASD1Ev)
    mbed::TimerEvent::irq(unsigned)          0x080061d5   Thumb Code     6  TimerEvent.o(i._ZN4mbed10TimerEvent3irqEj)
    mbed::TimerEvent::insert(unsigned)       0x080061db   Thumb Code    18  TimerEvent.o(i._ZN4mbed10TimerEvent6insertEj)
    mbed::TimerEvent::remove()               0x080061ed   Thumb Code    14  TimerEvent.o(i._ZN4mbed10TimerEvent6removeEv)
    mbed::TimerEvent::TimerEvent__sub_object() 0x080061fd   Thumb Code    32  TimerEvent.o(i._ZN4mbed10TimerEventC2Ev)
    mbed::TimerEvent::~TimerEvent()          0x08006225   Thumb Code     0  TimerEvent.o(i._ZN4mbed10TimerEventD2Ev)
    mbed::TimerEvent::~TimerEvent__sub_object() 0x08006225   Thumb Code    20  TimerEvent.o(i._ZN4mbed10TimerEventD2Ev)
    mbed::InterruptIn::_irq_handler(unsigned, gpio_irq_event) 0x0800623d   Thumb Code    58  InterruptIn.o(i._ZN4mbed11InterruptIn12_irq_handlerEj14gpio_irq_event)
    mbed::InterruptIn::rise(mbed::Callback<void()>) 0x08006281   Thumb Code   106  InterruptIn.o(i._ZN4mbed11InterruptIn4riseENS_8CallbackIFvvEEE)
    mbed::InterruptIn::InterruptIn(PinName)  0x080062f5   Thumb Code    90  InterruptIn.o(i._ZN4mbed11InterruptInC1E7PinName)
    mbed::InterruptIn::InterruptIn__sub_object(PinName) 0x080062f5   Thumb Code     0  InterruptIn.o(i._ZN4mbed11InterruptInC1E7PinName)
    mbed::InterruptIn::~InterruptIn()        0x08006361   Thumb Code    50  InterruptIn.o(i._ZN4mbed11InterruptInD1Ev)
    mbed::InterruptIn::~InterruptIn__sub_object() 0x08006361   Thumb Code     0  InterruptIn.o(i._ZN4mbed11InterruptInD1Ev)
    mbed::SPI::start_transfer(const void*, int, void*, int, unsigned char, const mbed::Callback<void(int)>&, int) 0x08006399   Thumb Code   110  SPI.o(i._ZN4mbed3SPI14start_transferEPKviPvihRKNS_8CallbackIFviEEEi)
    mbed::SPI::irq_handler_asynch()          0x0800640d   Thumb Code    56  SPI.o(i._ZN4mbed3SPI18irq_handler_asynchEv)
    mbed::SPI::dequeue_transaction()         0x08006449   Thumb Code   218  SPI.o(i._ZN4mbed3SPI19dequeue_transactionEv)
    mbed::SPI::lock()                        0x0800652d   Thumb Code    32  SPI.o(i._ZN4mbed3SPI4lockEv)
    mbed::SPI::write(int)                    0x08006559   Thumb Code    42  SPI.o(i._ZN4mbed3SPI5writeEi)
    mbed::SPI::aquire()                      0x08006585   Thumb Code    56  SPI.o(i._ZN4mbed3SPI6aquireEv)
    mbed::SPI::format(int, int)              0x080065c1   Thumb Code    46  SPI.o(i._ZN4mbed3SPI6formatEii)
    mbed::SPI::unlock()                      0x080065f5   Thumb Code    32  SPI.o(i._ZN4mbed3SPI6unlockEv)
    mbed::SPI::SPI(PinName, PinName, PinName, PinName) 0x08006621   Thumb Code   118  SPI.o(i._ZN4mbed3SPIC1E7PinNameS1_S1_S1_)
    mbed::SPI::SPI__sub_object(PinName, PinName, PinName, PinName) 0x08006621   Thumb Code     0  SPI.o(i._ZN4mbed3SPIC1E7PinNameS1_S1_S1_)
    mbed::Ticker::setup(unsigned)            0x080066b1   Thumb Code    40  Ticker.o(i._ZN4mbed6Ticker5setupEj)
    mbed::Ticker::detach()                   0x080066d9   Thumb Code    42  Ticker.o(i._ZN4mbed6Ticker6detachEv)
    mbed::Ticker::handler()                  0x08006705   Thumb Code    46  Ticker.o(i._ZN4mbed6Ticker7handlerEv)
    mbed::Timeout::handler()                 0x0800673d   Thumb Code    34  Timeout.o(i._ZN4mbed7Timeout7handlerEv)
    mbed::FileBase::getPathType()            0x08006769   Thumb Code     4  FileBase.o(i._ZN4mbed8FileBase11getPathTypeEv)
    mbed::FileBase::lookup(const char*, unsigned) 0x0800676d   Thumb Code    96  FileBase.o(i._ZN4mbed8FileBase6lookupEPKcj)
    mbed::FilePath::fileSystem()             0x080067dd   Thumb Code    26  FilePath.o(i._ZN4mbed8FilePath10fileSystemEv)
    mbed::FilePath::file()                   0x080067f7   Thumb Code    32  FilePath.o(i._ZN4mbed8FilePath4fileEv)
    mbed::FilePath::exists()                 0x08006817   Thumb Code    10  FilePath.o(i._ZN4mbed8FilePath6existsEv)
    mbed::FilePath::isFile()                 0x08006821   Thumb Code    24  FilePath.o(i._ZN4mbed8FilePath6isFileEv)
    mbed::FilePath::fileName()               0x08006839   Thumb Code     4  FilePath.o(i._ZN4mbed8FilePath8fileNameEv)
    mbed::FilePath::FilePath(const char*)    0x0800683d   Thumb Code    68  FilePath.o(i._ZN4mbed8FilePathC1EPKc)
    mbed::FilePath::FilePath__sub_object(const char*) 0x0800683d   Thumb Code     0  FilePath.o(i._ZN4mbed8FilePathC1EPKc)
    Radio::Radio__sub_object(RadioEvents_t*) 0x08006885   Thumb Code     8  radio.o(i._ZN5RadioC2EP13RadioEvents_t)
    SX1272::SetChannel(unsigned)             0x08006891   Thumb Code    74  sx1272.o(i._ZN6SX127210SetChannelEj)
    SX1272::SetRxConfig(ModemType, unsigned, unsigned, unsigned char, unsigned, unsigned short, unsigned short, bool, unsigned char, bool, bool, unsigned char, bool, bool) 0x080068e1   Thumb Code   704  sx1272.o(i._ZN6SX127211SetRxConfigE9ModemTypejjhjttbhbbhbb)
    SX1272::SetTxConfig(ModemType, signed char, unsigned, unsigned, unsigned, unsigned char, unsigned short, bool, bool, bool, unsigned char, bool, unsigned) 0x08006ba9   Thumb Code   768  sx1272.o(i._ZN6SX127211SetTxConfigE9ModemTypeajjjhtbbbhbj)
    SX1272::OnTimeoutIrq()                   0x08006eb1   Thumb Code   274  sx1272.o(i._ZN6SX127212OnTimeoutIrqEv)
    SX1272::Rx(unsigned)                     0x08006fd9   Thumb Code   552  sx1272.o(i._ZN6SX12722RxEj)
    SX1272::Init(RadioEvents_t*)             0x08007215   Thumb Code     4  sx1272.o(i._ZN6SX12724InitEP13RadioEvents_t)
    SX1272::Sleep()                          0x08007219   Thumb Code    48  sx1272.o(i._ZN6SX12725SleepEv)
    SX1272::SetModem(ModemType)              0x08007249   Thumb Code   152  sx1272.o(i._ZN6SX12728SetModemE9ModemType)
    SX1272::OnDio0Irq()                      0x080072e1   Thumb Code   908  sx1272.o(i._ZN6SX12729OnDio0IrqEv)
    SX1272::OnDio1Irq()                      0x08007685   Thumb Code   228  sx1272.o(i._ZN6SX12729OnDio1IrqEv)
    SX1272::OnDio2Irq()                      0x0800776d   Thumb Code   236  sx1272.o(i._ZN6SX12729OnDio2IrqEv)
    SX1272::OnDio3Irq()                      0x0800785d   Thumb Code    90  sx1272.o(i._ZN6SX12729OnDio3IrqEv)
    SX1272::OnDio4Irq()                      0x080078b7   Thumb Code    30  sx1272.o(i._ZN6SX12729OnDio4IrqEv)
    SX1272::SetOpMode(unsigned char)         0x080078d5   Thumb Code    94  sx1272.o(i._ZN6SX12729SetOpModeEh)
    SX1272::SX1272__sub_object(RadioEvents_t*, PinName, PinName, PinName, PinName, PinName, PinName, PinName, PinName, PinName, PinName, PinName) 0x08007935   Thumb Code   342  sx1272.o(i._ZN6SX1272C2EP13RadioEvents_t7PinNameS2_S2_S2_S2_S2_S2_S2_S2_S2_S2_)
    SX1272::~SX1272()                        0x08007a99   Thumb Code     0  sx1272.o(i._ZN6SX1272D2Ev)
    SX1272::~SX1272__sub_object()            0x08007a99   Thumb Code   204  sx1272.o(i._ZN6SX1272D2Ev)
    operator delete (void*)                  0x08007b71   Thumb Code    14  retarget.o(i._ZdlPv)
    operator new[] (unsigned)                0x08007b81   Thumb Code    20  retarget.o(i._Znaj)
    __ARM_common_ll_muluu                    0x08007bb5   Thumb Code    48  btod.o(i.__ARM_common_ll_muluu)
    __ARM_fpclassify                         0x08007be5   Thumb Code    40  fpclassify.o(i.__ARM_fpclassify)
    __aeabi_atexit                           0x08007c11   Thumb Code     4  retarget.o(i.__aeabi_atexit)
    __aeabi_vec_ctor_nocookie_nodtor         0x08007c15   Thumb Code    34  aeabi_vec_ctor_nocookie_nodtor.o(i.__aeabi_vec_ctor_nocookie_nodtor)
    __cxa_pure_virtual                       0x08007c37   Thumb Code    10  pure_virt.o(i.__cxa_pure_virtual)
    __user_setup_stackheap                   0x08007c95   Thumb Code    10  sys.o(i.__user_setup_stackheap)
    _is_digit                                0x08007ca5   Thumb Code    14  __printf_wp.o(i._is_digit)
    _platform_post_stackheap_init            0x08007cb3   Thumb Code     8  retarget.o(i._platform_post_stackheap_init)
    _sys_close                               0x08007cbd   Thumb Code    38  retarget.o(i._sys_close)
    _sys_flen                                0x08007ce9   Thumb Code    34  retarget.o(i._sys_flen)
    _sys_istty                               0x08007d11   Thumb Code    34  retarget.o(i._sys_istty)
    _sys_open                                0x08007d39   Thumb Code   418  retarget.o(i._sys_open)
    _sys_seek                                0x08007f05   Thumb Code    36  retarget.o(i._sys_seek)
    _sys_write                               0x08007f2d   Thumb Code    94  retarget.o(i._sys_write)
    ceil                                     0x08007f99   Thumb Code   180  ceil.o(i.ceil)
    core_util_critical_section_enter         0x08008061   Thumb Code    72  mbed_critical.o(i.core_util_critical_section_enter)
    core_util_critical_section_exit          0x080080ed   Thumb Code    58  mbed_critical.o(i.core_util_critical_section_exit)
    error                                    0x08008145   Thumb Code    18  mbed_error.o(i.error)
    exit                                     0x08008159   Thumb Code    24  retarget.o(i.exit)
    fputc                                    0x08008179   Thumb Code    30  fputc.o(i.fputc)
    get_us_ticker_data                       0x08008199   Thumb Code     4  mbed_us_ticker_api.o(i.get_us_ticker_data)
    gpio_dir                                 0x080081a1   Thumb Code    44  gpio_api.o(i.gpio_dir)
    gpio_init                                0x080081ed   Thumb Code    56  gpio_api.o(i.gpio_init)
    gpio_init_in                             0x08008225   Thumb Code    34  mbed_gpio.o(i.gpio_init_in)
    gpio_init_out                            0x08008249   Thumb Code    56  mbed_gpio.o(i.gpio_init_out)
    gpio_init_out_ex                         0x08008289   Thumb Code    66  mbed_gpio.o(i.gpio_init_out_ex)
    gpio_irq_free                            0x0800830d   Thumb Code    84  gpio_irq_api.o(i.gpio_irq_free)
    gpio_irq_init                            0x08008369   Thumb Code   184  gpio_irq_api.o(i.gpio_irq_init)
    gpio_irq_set                             0x08008469   Thumb Code   114  gpio_irq_api.o(i.gpio_irq_set)
    gpio_mode                                0x080084db   Thumb Code    14  gpio_api.o(i.gpio_mode)
    init_spi                                 0x0800854d   Thumb Code    40  stm_spi_api.o(i.init_spi)
    $Super$$main                             0x0800860d   Thumb Code     4  main.o(i.main)
    mbed_assert_internal                     0x08008611   Thumb Code    30  mbed_assert.o(i.mbed_assert_internal)
    mbed_die                                 0x08008665   Thumb Code    18  mbed_board.o(i.mbed_die)
    mbed_error_printf                        0x08008679   Thumb Code    78  mbed_board.o(i.mbed_error_printf)
    mbed_error_vfprintf                      0x080086d1   Thumb Code    70  mbed_board.o(i.mbed_error_vfprintf)
    mbed_main                                0x08008721   Thumb Code     2  retarget.o(i.mbed_main)
    mbed_sdk_init                            0x08008723   Thumb Code    12  mbed_overrides.o(i.mbed_sdk_init)
    pin_function                             0x08008731   Thumb Code    78  pinmap.o(i.pin_function)
    pin_function_gpiomode                    0x0800879d   Thumb Code   106  pinmap.o(i.pin_function_gpiomode)
    pin_mode                                 0x08008815   Thumb Code    60  pinmap.o(i.pin_mode)
    pinmap_merge                             0x08008869   Thumb Code    30  mbed_pinmap_common.o(i.pinmap_merge)
    pinmap_peripheral                        0x0800889d   Thumb Code    60  mbed_pinmap_common.o(i.pinmap_peripheral)
    pinmap_pinout                            0x080088f9   Thumb Code    62  mbed_pinmap_common.o(i.pinmap_pinout)
    serial_baud                              0x0800894d   Thumb Code    10  serial_api.o(i.serial_baud)
    serial_init                              0x08008959   Thumb Code   460  serial_api.o(i.serial_init)
    serial_putc                              0x08008b79   Thumb Code    32  serial_api.o(i.serial_putc)
    spi_format                               0x08008b9d   Thumb Code   128  stm_spi_api.o(i.spi_format)
    spi_frequency                            0x08008c21   Thumb Code    92  stm_spi_api.o(i.spi_frequency)
    spi_get_clock_freq                       0x08008cad   Thumb Code     8  spi_api.o(i.spi_get_clock_freq)
    spi_init                                 0x08008cb5   Thumb Code   284  stm_spi_api.o(i.spi_init)
    spi_irq_handler_asynch                   0x08008e11   Thumb Code    88  stm_spi_api.o(i.spi_irq_handler_asynch)
    spi_master_transfer                      0x08008f71   Thumb Code   210  stm_spi_api.o(i.spi_master_transfer)
    spi_master_write                         0x08009043   Thumb Code    54  stm_spi_api.o(i.spi_master_write)
    ticker_insert_event                      0x08009079   Thumb Code    68  mbed_ticker_api.o(i.ticker_insert_event)
    ticker_irq_handler                       0x080090bd   Thumb Code    74  mbed_ticker_api.o(i.ticker_irq_handler)
    ticker_read                              0x08009107   Thumb Code     6  mbed_ticker_api.o(i.ticker_read)
    ticker_remove_event                      0x0800910d   Thumb Code    70  mbed_ticker_api.o(i.ticker_remove_event)
    ticker_set_handler                       0x08009153   Thumb Code    18  mbed_ticker_api.o(i.ticker_set_handler)
    timer_irq_handler                        0x08009165   Thumb Code    88  hal_tick_32b.o(i.timer_irq_handler)
    us_ticker_clear_interrupt                0x080091c5   Thumb Code    16  us_ticker_32b.o(i.us_ticker_clear_interrupt)
    us_ticker_disable_interrupt              0x080091d9   Thumb Code    18  us_ticker_32b.o(i.us_ticker_disable_interrupt)
    us_ticker_init                           0x080091f1   Thumb Code    30  us_ticker_32b.o(i.us_ticker_init)
    us_ticker_irq_handler                    0x08009219   Thumb Code    10  mbed_us_ticker_api.o(i.us_ticker_irq_handler)
    us_ticker_read                           0x08009229   Thumb Code    32  us_ticker_32b.o(i.us_ticker_read)
    us_ticker_set_interrupt                  0x08009251   Thumb Code    20  us_ticker_32b.o(i.us_ticker_set_interrupt)
    wait                                     0x08009269   Thumb Code    32  mbed_wait_api_no_rtos.o(i.wait)
    wait_ms                                  0x0800928d   Thumb Code    28  mbed_wait_api_no_rtos.o(i.wait_ms)
    _get_lc_numeric                          0x080092a9   Thumb Code    44  lc_numeric_c.o(locale$$code)
    _get_lc_ctype                            0x080092d5   Thumb Code    44  lc_ctype_c.o(locale$$code)
    SingletonPtr<PlatformMutex>::operator ->() 0x08009301   Thumb Code    36  FileBase.o(t._ZN12SingletonPtrI13PlatformMutexEptEv)
    mbed::Transaction<mbed::SPI>::Transaction() 0x0800932d   Thumb Code    26  SPI.o(t._ZN4mbed11TransactionINS_3SPIEEC1Ev)
    mbed::Transaction<mbed::SPI>::Transaction__sub_object() 0x0800932d   Thumb Code     0  SPI.o(t._ZN4mbed11TransactionINS_3SPIEEC1Ev)
    mbed::Transaction<mbed::SPI>::~Transaction() 0x08009347   Thumb Code    24  SPI.o(t._ZN4mbed11TransactionINS_3SPIEED1Ev)
    mbed::Transaction<mbed::SPI>::~Transaction__sub_object() 0x08009347   Thumb Code     0  SPI.o(t._ZN4mbed11TransactionINS_3SPIEED1Ev)
    mbed::CircularBuffer<mbed::Transaction<mbed::SPI>, (unsigned)2, unsigned>::~CircularBuffer() 0x08009361   Thumb Code    18  SPI.o(t._ZN4mbed14CircularBufferINS_11TransactionINS_3SPIEEELj2EjED1Ev)
    mbed::CircularBuffer<mbed::Transaction<mbed::SPI>, (unsigned)2, unsigned>::~CircularBuffer__sub_object() 0x08009361   Thumb Code     0  SPI.o(t._ZN4mbed14CircularBufferINS_11TransactionINS_3SPIEEELj2EjED1Ev)
    void mbed::Ticker::attach_us<SX1272, void(SX1272::*)()>(T1*, T2, unsigned) 0x08009379   Thumb Code    82  sx1272.o(t._ZN4mbed6Ticker9attach_usI6SX1272MS2_FvvEEEvPT_T0_j)
    void mbed::Callback<void()>::function_call<mbed::Callback<void()>::method_context<SX1272MB2xAS, void(SX1272MB2xAS::*)()>>(const void*) 0x080093d1   Thumb Code    24  sx1272-hal.o(t._ZN4mbed8CallbackIFvvEE13function_callINS2_14method_contextI12SX1272MB2xASMS5_FvvEEEEEvPKv)
    void mbed::Callback<void()>::function_call<mbed::Callback<void()>::method_context<SX1272, void(SX1272::*)()>>(const void*) 0x080093e9   Thumb Code    24  sx1272.o(t._ZN4mbed8CallbackIFvvEE13function_callINS2_14method_contextI6SX1272MS5_FvvEEEEEvPKv)
    void mbed::Callback<void()>::function_call<void(*)()>(const void*) 0x08009401   Thumb Code     4  InterruptIn.o(t._ZN4mbed8CallbackIFvvEE13function_callIPS1_EEvPKv)
    void mbed::Callback<void()>::function_dtor<mbed::Callback<void()>::method_context<SX1272MB2xAS, void(SX1272MB2xAS::*)()>>(void*) 0x08009405   Thumb Code     2  sx1272-hal.o(t._ZN4mbed8CallbackIFvvEE13function_dtorINS2_14method_contextI12SX1272MB2xASMS5_FvvEEEEEvPv)
    void mbed::Callback<void()>::function_dtor<mbed::Callback<void()>::method_context<SX1272, void(SX1272::*)()>>(void*) 0x08009407   Thumb Code     2  sx1272.o(t._ZN4mbed8CallbackIFvvEE13function_dtorINS2_14method_contextI6SX1272MS5_FvvEEEEEvPv)
    void mbed::Callback<void()>::function_dtor<void(*)()>(void*) 0x08009409   Thumb Code     2  InterruptIn.o(t._ZN4mbed8CallbackIFvvEE13function_dtorIPS1_EEvPv)
    void mbed::Callback<void()>::function_move<mbed::Callback<void()>::method_context<SX1272MB2xAS, void(SX1272MB2xAS::*)()>>(void*, const void*) 0x0800940b   Thumb Code    18  sx1272-hal.o(t._ZN4mbed8CallbackIFvvEE13function_moveINS2_14method_contextI12SX1272MB2xASMS5_FvvEEEEEvPvPKv)
    void mbed::Callback<void()>::function_move<mbed::Callback<void()>::method_context<SX1272, void(SX1272::*)()>>(void*, const void*) 0x0800941d   Thumb Code    18  sx1272.o(t._ZN4mbed8CallbackIFvvEE13function_moveINS2_14method_contextI6SX1272MS5_FvvEEEEEvPvPKv)
    void mbed::Callback<void()>::function_move<void(*)()>(void*, const void*) 0x0800942f   Thumb Code    10  InterruptIn.o(t._ZN4mbed8CallbackIFvvEE13function_moveIPS1_EEvPvPKv)
    CThunk<mbed::SPI>::trampoline(mbed::SPI*, void*, void(mbed::SPI::**)(void*)) 0x08009439   Thumb Code    46  SPI.o(t._ZN6CThunkIN4mbed3SPIEE10trampolineEPS1_PvPMS1_FvS4_E)
    __aeabi_cdrcmple                         0x08009469   Thumb Code     0  drlef.o(x$fpl$drleqf)
    _drcmple                                 0x08009469   Thumb Code   100  drlef.o(x$fpl$drleqf)
    __aeabi_fmul                             0x080094d1   Thumb Code     0  fmul.o(x$fpl$fmul)
    _fmul                                    0x080094d1   Thumb Code   172  fmul.o(x$fpl$fmul)
    _printf_fp_dec                           0x08009581   Thumb Code    16  printf1.o(x$fpl$printf1)
    _printf_fp_hex                           0x08009591   Thumb Code    16  printf2.o(x$fpl$printf2)
    SX1272MB2xAS::RadioRegsInit              0x080095a0   Data          51  sx1272-hal.o(.constdata)
    __I$use$fp                               0x080095a0   Number         0  usenofp.o(x$fpl$usenofp)
    SX1272::FskBandwidths                    0x0800960c   Data         176  sx1272.o(.constdata)
    PinMap_UART_TX                           0x080096bc   Data         192  PeripheralPins.o(.constdata)
    PinMap_UART_RX                           0x0800977c   Data         192  PeripheralPins.o(.constdata)
    PinMap_SPI_MOSI                          0x0800983c   Data          60  PeripheralPins.o(.constdata)
    PinMap_SPI_MISO                          0x08009878   Data          60  PeripheralPins.o(.constdata)
    PinMap_SPI_SCLK                          0x080098b4   Data          60  PeripheralPins.o(.constdata)
    PinMap_SPI_SSEL                          0x080098f0   Data          60  PeripheralPins.o(.constdata)
    __stdin_name                             0x08009960   Data           7  retarget.o(.constdata)
    __stdout_name                            0x08009967   Data           8  retarget.o(.constdata)
    __stderr_name                            0x0800996f   Data           8  retarget.o(.constdata)
    AHBPrescTable                            0x08009988   Data          16  system_stm32f0xx.o(.constdata)
    APBPrescTable                            0x08009998   Data           8  system_stm32f0xx.o(.constdata)
    vtable for SX1272MB2xAS                  0x08009b48   Data         192  sx1272-hal.o(.constdata__ZTV12SX1272MB2xAS)
    vtable for Radio                         0x08009c08   Data         112  radio.o(.constdata__ZTV5Radio)
    vtable for SX1272                        0x08009c78   Data         188  sx1272.o(.constdata__ZTV6SX1272)
    vtable for mbed::TimerEvent              0x08009d34   Data          20  TimerEvent.o(.constdata__ZTVN4mbed10TimerEventE)
    vtable for mbed::InterruptIn             0x08009d48   Data          16  InterruptIn.o(.constdata__ZTVN4mbed11InterruptInE)
    vtable for mbed::SPI                     0x08009d58   Data          28  SPI.o(.constdata__ZTVN4mbed3SPIE)
    vtable for mbed::Ticker                  0x08009d74   Data          20  Ticker.o(.constdata__ZTVN4mbed6TickerE)
    vtable for mbed::Timeout                 0x08009d88   Data          20  Timeout.o(.constdata__ZTVN4mbed7TimeoutE)
    SingletonPtr<PlatformMutex>::get()::string 0x08009d9c   Data          20  retarget.o(.constdata__ZZN12SingletonPtrI13PlatformMutexE3getEvEs)
    SingletonPtr<PlatformMutex>::get()::string (instance 2) 0x08009db0   Data          77  retarget.o(.constdata__ZZN12SingletonPtrI13PlatformMutexE3getEvEs_0)
    void mbed::Callback<void()>::generate<mbed::Callback<void()>::method_context<SX1272MB2xAS, void(SX1272MB2xAS::*)()>>(const T1&)::ops 0x08009e00   Data          12  sx1272-hal.o(.constdata__ZZN4mbed8CallbackIFvvEE8generateINS2_14method_contextI12SX1272MB2xASMS5_FvvEEEEEvRKT_E3ops)
    void mbed::Callback<void()>::generate<mbed::Callback<void()>::method_context<SX1272, void(SX1272::*)()>>(const T1&)::ops 0x08009e0c   Data          12  sx1272.o(.constdata__ZZN4mbed8CallbackIFvvEE8generateINS2_14method_contextI6SX1272MS5_FvvEEEEEvRKT_E3ops)
    void mbed::Callback<void()>::generate<void(*)()>(const T1&)::ops 0x08009e18   Data          12  InterruptIn.o(.constdata__ZZN4mbed8CallbackIFvvEE8generateIPS1_EEvRKT_E3ops)
    mbed::Callback<void()>::call() const::string 0x08009e24   Data           5  InterruptIn.o(.constdata__ZZNK4mbed8CallbackIFvvEE4callEvEs)
    mbed::Callback<void()>::call() const::string (instance 2) 0x08009e29   Data          73  InterruptIn.o(.constdata__ZZNK4mbed8CallbackIFvvEE4callEvEs_0)
    Region$$Table$$Base                      0x0800a084   Number         0  anon$$obj.o(Region$$Table)
    Region$$Table$$Limit                     0x0800a0a4   Number         0  anon$$obj.o(Region$$Table)
    __ctype                                  0x0800a0cd   Data           0  lc_ctype_c.o(locale$$data)
    SHT$$INIT_ARRAY$$Base                    0x0800a1d0   Number         0  main.o(.init_array)
    SHT$$INIT_ARRAY$$Limit                   0x0800a1d8   Number         0  init_aeabi.o(.init_array)
    State                                    0x200000c0   Data           1  main.o(.data)
    SnrValue                                 0x200000c1   Data           1  main.o(.data)
    BufferSize                               0x200000c2   Data           2  main.o(.data)
    RssiValue                                0x200000c4   Data           2  main.o(.data)
    Buffer                                   0x200000c6   Data           6  main.o(.data)
    PreviousVal                              0x20000110   Data           4  hal_tick_32b.o(.data)
    stdio_uart_inited                        0x2000011c   Data           4  serial_api.o(.data)
    uwTick                                   0x20000124   Data           4  stm32f0xx_hal.o(.data)
    SystemCoreClock                          0x20000128   Data           4  system_stm32f0xx.o(.data)
    mbed::SPI::_owner                        0x20000130   Data           4  SPI.o(.data)
    mbed::SPI::_mutex                        0x20000134   Data           8  SPI.o(.data)
    mbed::FileBase::_head                    0x2000014c   Data           4  FileBase.o(.data)
    mbed::FileBase::_mutex                   0x20000150   Data           8  FileBase.o(.data)
    __aeabi_stdin                            0x20000158   Data           4  stdio_streams.o(.data)
    __aeabi_stdout                           0x2000015c   Data           4  stdio_streams.o(.data)
    __aeabi_stderr                           0x20000160   Data           4  stdio_streams.o(.data)
    Radio                                    0x20000184   Data         924  main.o(.bss)
    stdio_uart                               0x20000abc   Data          76  serial_api.o(.bss)
    TimMasterHandle                          0x20000b08   Data          64  us_ticker_32b.o(.bss)
    mbed::SPI::_transaction_buffer           0x20000b48   Data         100  SPI.o(.bss)
    __stdin                                  0x20000bac   Data          84  stdio_streams.o(.bss)
    __stdout                                 0x20000c00   Data          84  stdio_streams.o(.bss)
    __stderr                                 0x20000c54   Data          84  stdio_streams.o(.bss)
    Image$$RW_IRAM1$$ZI$$Limit               0x20000cc4   Number         0  anon$$obj.o ABSOLUTE



==============================================================================

Memory Map of the image

  Image Entry point : 0x080000bd

  Load Region LR_IROM1 (Base: 0x08000000, Size: 0x0000a280, Max: 0x00040000, ABSOLUTE)

    Execution Region ER_IROM1 (Base: 0x08000000, Size: 0x0000a1d8, Max: 0x00040000, ABSOLUTE)

    Base Addr    Size         Type   Attr      Idx    E Section Name        Object

    0x08000000   0x000000bc   Data   RO         2011    RESET               startup_stm32f091rc.o
    0x080000bc   0x00000008   Code   RO         4417  * !!!main             c_p.l(__main.o)
    0x080000c4   0x0000003c   Code   RO         5073    !!!scatter          c_p.l(__scatter.o)
    0x08000100   0x0000001a   Code   RO         5075    !!handler_copy      c_p.l(__scatter_copy.o)
    0x0800011a   0x00000002   PAD
    0x0800011c   0x0000001c   Code   RO         5077    !!handler_zi        c_p.l(__scatter_zi.o)
    0x08000138   0x00000002   Code   RO         4693    .ARM.Collect$$_printf_percent$$00000000  c_p.l(_printf_percent.o)
    0x0800013a   0x0000000a   Code   RO         4682    .ARM.Collect$$_printf_percent$$00000001  c_p.l(_printf_n.o)
    0x08000144   0x0000000a   Code   RO         4684    .ARM.Collect$$_printf_percent$$00000002  c_p.l(_printf_p.o)
    0x0800014e   0x0000000a   Code   RO         4689    .ARM.Collect$$_printf_percent$$00000003  c_p.l(_printf_f.o)
    0x08000158   0x0000000a   Code   RO         4690    .ARM.Collect$$_printf_percent$$00000004  c_p.l(_printf_e.o)
    0x08000162   0x0000000a   Code   RO         4691    .ARM.Collect$$_printf_percent$$00000005  c_p.l(_printf_g.o)
    0x0800016c   0x0000000a   Code   RO         4692    .ARM.Collect$$_printf_percent$$00000006  c_p.l(_printf_a.o)
    0x08000176   0x0000000a   Code   RO         4697    .ARM.Collect$$_printf_percent$$00000007  c_p.l(_printf_ll.o)
    0x08000180   0x0000000a   Code   RO         4686    .ARM.Collect$$_printf_percent$$00000008  c_p.l(_printf_i.o)
    0x0800018a   0x0000000a   Code   RO         4687    .ARM.Collect$$_printf_percent$$00000009  c_p.l(_printf_d.o)
    0x08000194   0x0000000a   Code   RO         4688    .ARM.Collect$$_printf_percent$$0000000A  c_p.l(_printf_u.o)
    0x0800019e   0x0000000a   Code   RO         4685    .ARM.Collect$$_printf_percent$$0000000B  c_p.l(_printf_o.o)
    0x080001a8   0x0000000a   Code   RO         4683    .ARM.Collect$$_printf_percent$$0000000C  c_p.l(_printf_x.o)
    0x080001b2   0x0000000a   Code   RO         4694    .ARM.Collect$$_printf_percent$$0000000D  c_p.l(_printf_lli.o)
    0x080001bc   0x0000000a   Code   RO         4695    .ARM.Collect$$_printf_percent$$0000000E  c_p.l(_printf_lld.o)
    0x080001c6   0x0000000a   Code   RO         4696    .ARM.Collect$$_printf_percent$$0000000F  c_p.l(_printf_llu.o)
    0x080001d0   0x0000000a   Code   RO         4701    .ARM.Collect$$_printf_percent$$00000010  c_p.l(_printf_llo.o)
    0x080001da   0x0000000a   Code   RO         4702    .ARM.Collect$$_printf_percent$$00000011  c_p.l(_printf_llx.o)
    0x080001e4   0x0000000a   Code   RO         4698    .ARM.Collect$$_printf_percent$$00000012  c_p.l(_printf_l.o)
    0x080001ee   0x0000000a   Code   RO         4680    .ARM.Collect$$_printf_percent$$00000013  c_p.l(_printf_c.o)
    0x080001f8   0x0000000a   Code   RO         4681    .ARM.Collect$$_printf_percent$$00000014  c_p.l(_printf_s.o)
    0x08000202   0x0000000a   Code   RO         4699    .ARM.Collect$$_printf_percent$$00000015  c_p.l(_printf_lc.o)
    0x0800020c   0x0000000a   Code   RO         4700    .ARM.Collect$$_printf_percent$$00000016  c_p.l(_printf_ls.o)
    0x08000216   0x00000004   Code   RO         4860    .ARM.Collect$$_printf_percent$$00000017  c_p.l(_printf_percent_end.o)
    0x0800021a   0x00000002   Code   RO         5008    .ARM.Collect$$libinit$$00000000  c_p.l(libinit.o)
    0x0800021c   0x00000000   Code   RO         4738    .ARM.Collect$$libinit$$00000002  c_p.l(libinit2.o)
    0x0800021c   0x00000000   Code   RO         4740    .ARM.Collect$$libinit$$00000004  c_p.l(libinit2.o)
    0x0800021c   0x00000008   Code   RO         4741    .ARM.Collect$$libinit$$00000005  c_p.l(libinit2.o)
    0x08000224   0x00000000   Code   RO         4743    .ARM.Collect$$libinit$$0000000A  c_p.l(libinit2.o)
    0x08000224   0x00000000   Code   RO         4745    .ARM.Collect$$libinit$$0000000C  c_p.l(libinit2.o)
    0x08000224   0x00000000   Code   RO         4747    .ARM.Collect$$libinit$$0000000E  c_p.l(libinit2.o)
    0x08000224   0x00000006   Code   RO         4748    .ARM.Collect$$libinit$$0000000F  c_p.l(libinit2.o)
    0x0800022a   0x00000000   Code   RO         4750    .ARM.Collect$$libinit$$00000011  c_p.l(libinit2.o)
    0x0800022a   0x0000000c   Code   RO         4751    .ARM.Collect$$libinit$$00000012  c_p.l(libinit2.o)
    0x08000236   0x00000000   Code   RO         4752    .ARM.Collect$$libinit$$00000013  c_p.l(libinit2.o)
    0x08000236   0x00000000   Code   RO         4754    .ARM.Collect$$libinit$$00000015  c_p.l(libinit2.o)
    0x08000236   0x0000000a   Code   RO         4755    .ARM.Collect$$libinit$$00000016  c_p.l(libinit2.o)
    0x08000240   0x00000000   Code   RO         4756    .ARM.Collect$$libinit$$00000017  c_p.l(libinit2.o)
    0x08000240   0x00000000   Code   RO         4758    .ARM.Collect$$libinit$$00000019  c_p.l(libinit2.o)
    0x08000240   0x00000000   Code   RO         4760    .ARM.Collect$$libinit$$0000001B  c_p.l(libinit2.o)
    0x08000240   0x00000000   Code   RO         4762    .ARM.Collect$$libinit$$0000001D  c_p.l(libinit2.o)
    0x08000240   0x00000000   Code   RO         4764    .ARM.Collect$$libinit$$0000001F  c_p.l(libinit2.o)
    0x08000240   0x00000000   Code   RO         4766    .ARM.Collect$$libinit$$00000021  c_p.l(libinit2.o)
    0x08000240   0x00000000   Code   RO         4768    .ARM.Collect$$libinit$$00000023  c_p.l(libinit2.o)
    0x08000240   0x00000004   Code   RO         4769    .ARM.Collect$$libinit$$00000024  c_p.l(libinit2.o)
    0x08000244   0x00000000   Code   RO         4770    .ARM.Collect$$libinit$$00000025  c_p.l(libinit2.o)
    0x08000244   0x00000000   Code   RO         4774    .ARM.Collect$$libinit$$0000002C  c_p.l(libinit2.o)
    0x08000244   0x00000000   Code   RO         4776    .ARM.Collect$$libinit$$0000002E  c_p.l(libinit2.o)
    0x08000244   0x00000000   Code   RO         4778    .ARM.Collect$$libinit$$00000030  c_p.l(libinit2.o)
    0x08000244   0x00000004   Code   RO         4779    .ARM.Collect$$libinit$$00000031  c_p.l(libinit2.o)
    0x08000248   0x00000000   Code   RO         4780    .ARM.Collect$$libinit$$00000032  c_p.l(libinit2.o)
    0x08000248   0x00000002   Code   RO         4781    .ARM.Collect$$libinit$$00000033  c_p.l(libinit2.o)
    0x0800024a   0x00000000   Code   RO         4917    .ARM.Collect$$libshutdown$$00000004  c_p.l(libshutdown2.o)
    0x0800024a   0x00000000   Code   RO         4580    .ARM.Collect$$rtentry$$00000000  c_p.l(__rtentry.o)
    0x0800024a   0x00000000   Code   RO         4817    .ARM.Collect$$rtentry$$00000002  c_p.l(__rtentry2.o)
    0x0800024a   0x00000006   Code   RO         4829    .ARM.Collect$$rtentry$$00000004  c_p.l(__rtentry4.o)
    0x08000250   0x00000008   Code   RO         4818    .ARM.Collect$$rtentry$$00000008  c_p.l(__rtentry2.o)
    0x08000258   0x00000004   Code   RO         4820    .ARM.Collect$$rtentry$$0000000A  c_p.l(__rtentry2.o)
    0x0800025c   0x00000000   Code   RO         4822    .ARM.Collect$$rtentry$$0000000C  c_p.l(__rtentry2.o)
    0x0800025c   0x00000008   Code   RO         4823    .ARM.Collect$$rtentry$$0000000D  c_p.l(__rtentry2.o)
    0x08000264   0x00000038   Code   RO         4396    .emb_text           c_p.l(rt_memcpy.o)
    0x0800029c   0x00000000   Code   RO         4837    .emb_text           c_p.l(maybetermalloc1.o)
    0x0800029c   0x0000001c   Code   RO         2012    .text               startup_stm32f091rc.o
    0x080002b8   0x00000062   Code   RO         4304    .text               c_p.l(h1_alloc.o)
    0x0800031a   0x0000004c   Code   RO         4306    .text               c_p.l(h1_free.o)
    0x08000366   0x00000002   PAD
    0x08000368   0x00000024   Code   RO         4364    .text               c_p.l(vsprintf.o)
    0x0800038c   0x0000000e   Code   RO         4366    .text               c_p.l(c89vfprintf.o)
    0x0800039a   0x00000002   PAD
    0x0800039c   0x00000040   Code   RO         4368    .text               c_p.l(__0sscanf.o)
    0x080003dc   0x0000014a   Code   RO         4370    .text               c_p.l(_scanf_int.o)
    0x08000526   0x00000002   PAD
    0x08000528   0x00000068   Code   RO         4372    .text               c_p.l(fflush.o)
    0x08000590   0x00000044   Code   RO         4392    .text               c_p.l(strlen.o)
    0x080005d4   0x000000a0   Code   RO         4394    .text               c_p.l(strncmp.o)
    0x08000674   0x00000082   Code   RO         4397    .text               c_p.l(rt_memcpy.o)
    0x080006f6   0x00000012   Code   RO         4400    .text               c_p.l(aeabi_memset.o)
    0x08000708   0x00000040   Code   RO         4402    .text               c_p.l(rt_memclr.o)
    0x08000748   0x000000a0   Code   RO         4406    .text               c_p.l(strcmpv6m.o)
    0x080007e8   0x000001e8   Code   RO         4413    .text               c_p.l(aeabi_sdivfast.o)
    0x080009d0   0x00000024   Code   RO         4422    .text               c_p.l(init_aeabi.o)
    0x080009f4   0x00000022   Code   RO         4537    .text               cpprt_p.l(aeabi_vec_dtor_noexceptions.o)
    0x08000a16   0x00000002   PAD
    0x08000a18   0x00000358   Code   RO         4540    .text               fz_ps.l(daddsub.o)
    0x08000d70   0x00000448   Code   RO         4542    .text               fz_ps.l(ddiv.o)
    0x080011b8   0x0000006c   Code   RO         4545    .text               fz_ps.l(dfixi.o)
    0x08001224   0x00000048   Code   RO         4547    .text               fz_ps.l(dfixui.o)
    0x0800126c   0x00000058   Code   RO         4549    .text               fz_ps.l(dflti.o)
    0x080012c4   0x00000248   Code   RO         4551    .text               fz_ps.l(dmul.o)
    0x0800150c   0x00000060   Code   RO         4555    .text               fz_ps.l(dscalbn.o)
    0x0800156c   0x0000004c   Code   RO         4560    .text               fz_ps.l(ffixi.o)
    0x080015b8   0x00000008   Code   RO         4585    .text               c_p.l(rt_heap_descriptor.o)
    0x080015c0   0x00000004   Code   RO         4590    .text               c_p.l(hguard.o)
    0x080015c4   0x00000088   Code   RO         4592    .text               c_p.l(init_alloc.o)
    0x0800164c   0x0000000e   Code   RO         4596    .text               c_p.l(h1_init.o)
    0x0800165a   0x0000004e   Code   RO         4612    .text               c_p.l(_printf_pad.o)
    0x080016a8   0x00000024   Code   RO         4614    .text               c_p.l(_printf_truncate.o)
    0x080016cc   0x00000052   Code   RO         4616    .text               c_p.l(_printf_str.o)
    0x0800171e   0x00000002   PAD
    0x08001720   0x0000006c   Code   RO         4618    .text               c_p.l(_printf_dec.o)
    0x0800178c   0x00000026   Code   RO         4620    .text               c_p.l(_printf_charcount.o)
    0x080017b2   0x00000002   PAD
    0x080017b4   0x00000030   Code   RO         4622    .text               c_p.l(_printf_char_common.o)
    0x080017e4   0x0000000a   Code   RO         4624    .text               c_p.l(_sputc.o)
    0x080017ee   0x00000002   PAD
    0x080017f0   0x00000028   Code   RO         4626    .text               c_p.l(_printf_char_file.o)
    0x08001818   0x000000bc   Code   RO         4628    .text               c_p.l(_printf_wctomb.o)
    0x080018d4   0x00000070   Code   RO         4631    .text               c_p.l(_printf_longlong_dec.o)
    0x08001944   0x00000070   Code   RO         4637    .text               c_p.l(_printf_oct_int_ll.o)
    0x080019b4   0x00000098   Code   RO         4657    .text               c_p.l(_printf_hex_int_ll_ptr.o)
    0x08001a4c   0x00000188   Code   RO         4677    .text               c_p.l(__printf_flags_ss_wp.o)
    0x08001bd4   0x0000001e   Code   RO         4703    .text               c_p.l(_chval.o)
    0x08001bf2   0x00000002   PAD
    0x08001bf4   0x00000030   Code   RO         4705    .text               c_p.l(scanf_char.o)
    0x08001c24   0x00000044   Code   RO         4707    .text               c_p.l(_sgetc.o)
    0x08001c68   0x00000008   Code   RO         4709    .text               c_p.l(ferror.o)
    0x08001c70   0x000000f4   Code   RO         4713    .text               c_p.l(fseek.o)
    0x08001d64   0x0000004c   Code   RO         4715    .text               c_p.l(setvbuf.o)
    0x08001db0   0x000000f0   Code   RO         4717    .text               c_p.l(stdio.o)
    0x08001ea0   0x0000013c   Code   RO         4720    .text               c_p.l(initio.o)
    0x08001fdc   0x0000000c   Code   RO         4728    .text               c_p.l(defsig_pvfn_outer.o)
    0x08001fe8   0x00000090   Code   RO         4800    .text               fz_ps.l(dcmpin.o)
    0x08002078   0x00000034   Code   RO         4839    .text               c_p.l(h1_extend.o)
    0x080020ac   0x0000007a   Code   RO         4843    .text               c_p.l(lludiv10.o)
    0x08002126   0x00000012   Code   RO         4845    .text               c_p.l(isspace.o)
    0x08002138   0x000000b0   Code   RO         4847    .text               c_p.l(_printf_intcommon.o)
    0x080021e8   0x00000414   Code   RO         4849    .text               c_p.l(_printf_fp_dec.o)
    0x080025fc   0x000002d8   Code   RO         4851    .text               c_p.l(_printf_fp_hex.o)
    0x080028d4   0x0000002e   Code   RO         4856    .text               c_p.l(_printf_char.o)
    0x08002902   0x0000002e   Code   RO         4858    .text               c_p.l(_printf_wchar.o)
    0x08002930   0x00000380   Code   RO         4861    .text               c_p.l(_scanf.o)
    0x08002cb0   0x00000042   Code   RO         4867    .text               c_p.l(ftell.o)
    0x08002cf2   0x00000002   PAD
    0x08002cf4   0x000000e8   Code   RO         4873    .text               c_p.l(fopen.o)
    0x08002ddc   0x0000004c   Code   RO         4875    .text               c_p.l(fclose.o)
    0x08002e28   0x00000040   Code   RO         4891    .text               c_p.l(_wcrtomb.o)
    0x08002e68   0x0000000c   Code   RO         4893    .text               c_p.l(defsig_exit.o)
    0x08002e74   0x0000000c   Code   RO         4895    .text               c_p.l(defsig_rtred_outer.o)
    0x08002e80   0x0000000c   Code   RO         4899    .text               c_p.l(defsig_rtmem_outer.o)
    0x08002e8c   0x00000030   Code   RO         4903    .text               c_p.l(defsig_pvfn_inner.o)
    0x08002ebc   0x00000028   Code   RO         4905    .text               c_p.l(rtudiv10.o)
    0x08002ee4   0x00000050   Code   RO         4907    .text               c_p.l(heapauxa.o)
    0x08002f34   0x0000002e   Code   RO         4946    .text               fz_ps.l(cmpret.o)
    0x08002f62   0x00000002   PAD
    0x08002f64   0x00000014   Code   RO         4948    .text               fz_ps.l(dnan2.o)
    0x08002f78   0x0000000c   Code   RO         4952    .text               c_p.l(sys_exit.o)
    0x08002f84   0x00000010   Code   RO         4954    .text               c_p.l(rt_ctype_table.o)
    0x08002f94   0x00000008   Code   RO         4956    .text               c_p.l(rt_locale.o)
    0x08002f9c   0x00000008   Code   RO         4966    .text               c_p.l(rt_errno_addr.o)
    0x08002fa4   0x00000088   Code   RO         4973    .text               c_p.l(_printf_fp_infnan.o)
    0x0800302c   0x000000c8   Code   RO         4975    .text               c_p.l(bigflt0.o)
    0x080030f4   0x000004c8   Code   RO         4978    .text               c_p.l(btod.o)
    0x080035bc   0x000001f0   Code   RO         4982    .text               c_p.l(flsbuf.o)
    0x080037ac   0x00000034   Code   RO         4991    .text               c_p.l(defsig_general.o)
    0x080037e0   0x00000034   Code   RO         4997    .text               c_p.l(defsig_rtred_inner.o)
    0x08003814   0x00000050   Code   RO         4999    .text               c_p.l(defsig_rtmem_inner.o)
    0x08003864   0x0000005e   Code   RO         5023    .text               fz_ps.l(retnan.o)
    0x080038c2   0x0000000c   Code   RO         5027    .text               c_p.l(sys_wrch.o)
    0x080038ce   0x00000002   Code   RO         5029    .text               c_p.l(use_no_semi.o)
    0x080038d0   0x00000000   Code   RO         5031    .text               c_p.l(indicate_semi.o)
    0x080038d0   0x0000000c   Code   RO         1741    i.$Sub$$main        retarget.o
    0x080038dc   0x00000048   Code   RO         2364    i.HAL_DMA_Abort_IT  stm32f0xx_hal_dma.o
    0x08003924   0x000000e8   Code   RO         2438    i.HAL_GPIO_DeInit   stm32f0xx_hal_gpio.o
    0x08003a0c   0x00000164   Code   RO         2441    i.HAL_GPIO_Init     stm32f0xx_hal_gpio.o
    0x08003b70   0x0000000c   Code   RO         2025    i.HAL_GetTick       stm32f0xx_hal.o
    0x08003b7c   0x00000010   Code   RO         2026    i.HAL_IncTick       stm32f0xx_hal.o
    0x08003b8c   0x00000020   Code   RO         2027    i.HAL_Init          stm32f0xx_hal.o
    0x08003bac   0x000000bc   Code   RO         1569    i.HAL_InitTick      hal_tick_32b.o
    0x08003c68   0x00000002   Code   RO         2030    i.HAL_MspInit       stm32f0xx_hal.o
    0x08003c6a   0x00000002   PAD
    0x08003c6c   0x000001ec   Code   RO         2819    i.HAL_RCC_ClockConfig  stm32f0xx_hal_rcc.o
    0x08003e58   0x00000038   Code   RO         2823    i.HAL_RCC_GetClockConfig  stm32f0xx_hal_rcc.o
    0x08003e90   0x00000020   Code   RO         2826    i.HAL_RCC_GetPCLK1Freq  stm32f0xx_hal_rcc.o
    0x08003eb0   0x00000094   Code   RO         2827    i.HAL_RCC_GetSysClockFreq  stm32f0xx_hal_rcc.o
    0x08003f44   0x00000454   Code   RO         2830    i.HAL_RCC_OscConfig  stm32f0xx_hal_rcc.o
    0x08004398   0x00000002   Code   RO         3071    i.HAL_SPI_ErrorCallback  stm32f0xx_hal_spi.o
    0x0800439a   0x00000002   PAD
    0x0800439c   0x000000d8   Code   RO         3074    i.HAL_SPI_IRQHandler  stm32f0xx_hal_spi.o
    0x08004474   0x000000d6   Code   RO         3075    i.HAL_SPI_Init      stm32f0xx_hal_spi.o
    0x0800454a   0x00000002   Code   RO         3077    i.HAL_SPI_MspInit   stm32f0xx_hal_spi.o
    0x0800454c   0x000000f4   Code   RO         3080    i.HAL_SPI_Receive_IT  stm32f0xx_hal_spi.o
    0x08004640   0x00000002   Code   RO         3081    i.HAL_SPI_RxCpltCallback  stm32f0xx_hal_spi.o
    0x08004642   0x00000002   PAD
    0x08004644   0x00000374   Code   RO         3084    i.HAL_SPI_TransmitReceive  stm32f0xx_hal_spi.o
    0x080049b8   0x00000108   Code   RO         3086    i.HAL_SPI_TransmitReceive_IT  stm32f0xx_hal_spi.o
    0x08004ac0   0x000000b8   Code   RO         3088    i.HAL_SPI_Transmit_IT  stm32f0xx_hal_spi.o
    0x08004b78   0x00000002   Code   RO         3089    i.HAL_SPI_TxCpltCallback  stm32f0xx_hal_spi.o
    0x08004b7a   0x00000002   Code   RO         3091    i.HAL_SPI_TxRxCpltCallback  stm32f0xx_hal_spi.o
    0x08004b7c   0x00000032   Code   RO         3241    i.HAL_TIM_OC_Init   stm32f0xx_hal_tim.o
    0x08004bae   0x00000002   Code   RO         3243    i.HAL_TIM_OC_MspInit  stm32f0xx_hal_tim.o
    0x08004bb0   0x00000058   Code   RO         3244    i.HAL_TIM_OC_Start  stm32f0xx_hal_tim.o
    0x08004c08   0x0000006a   Code   RO         3532    i.HAL_UART_Init     stm32f0xx_hal_uart.o
    0x08004c72   0x00000002   Code   RO         3534    i.HAL_UART_MspInit  stm32f0xx_hal_uart.o
    0x08004c74   0x00000044   Code   RO         1521    i.NVIC_SetVector    cmsis_nvic.o
    0x08004cb8   0x0000004c   Code   RO         3093    i.SPI_2linesRxISR_16BIT  stm32f0xx_hal_spi.o
    0x08004d04   0x0000001e   Code   RO         3094    i.SPI_2linesRxISR_16BITCRC  stm32f0xx_hal_spi.o
    0x08004d22   0x00000002   PAD
    0x08004d24   0x00000078   Code   RO         3095    i.SPI_2linesRxISR_8BIT  stm32f0xx_hal_spi.o
    0x08004d9c   0x0000002c   Code   RO         3096    i.SPI_2linesRxISR_8BITCRC  stm32f0xx_hal_spi.o
    0x08004dc8   0x00000050   Code   RO         3097    i.SPI_2linesTxISR_16BIT  stm32f0xx_hal_spi.o
    0x08004e18   0x00000064   Code   RO         3098    i.SPI_2linesTxISR_8BIT  stm32f0xx_hal_spi.o
    0x08004e7c   0x00000078   Code   RO         3101    i.SPI_CloseRxTx_ISR  stm32f0xx_hal_spi.o
    0x08004ef4   0x00000064   Code   RO         3102    i.SPI_CloseRx_ISR   stm32f0xx_hal_spi.o
    0x08004f58   0x00000012   Code   RO         3103    i.SPI_DMAAbortOnError  stm32f0xx_hal_spi.o
    0x08004f6a   0x0000007a   Code   RO         3113    i.SPI_EndRxTransaction  stm32f0xx_hal_spi.o
    0x08004fe4   0x00000038   Code   RO         3114    i.SPI_EndRxTxTransaction  stm32f0xx_hal_spi.o
    0x0800501c   0x00000050   Code   RO         3115    i.SPI_RxISR_16BIT   stm32f0xx_hal_spi.o
    0x0800506c   0x0000001e   Code   RO         3116    i.SPI_RxISR_16BITCRC  stm32f0xx_hal_spi.o
    0x0800508a   0x00000002   PAD
    0x0800508c   0x00000050   Code   RO         3117    i.SPI_RxISR_8BIT    stm32f0xx_hal_spi.o
    0x080050dc   0x00000020   Code   RO         3118    i.SPI_RxISR_8BITCRC  stm32f0xx_hal_spi.o
    0x080050fc   0x00000082   Code   RO         3119    i.SPI_TxISR_16BIT   stm32f0xx_hal_spi.o
    0x0800517e   0x00000080   Code   RO         3120    i.SPI_TxISR_8BIT    stm32f0xx_hal_spi.o
    0x080051fe   0x00000002   PAD
    0x08005200   0x000000a8   Code   RO         3121    i.SPI_WaitFifoStateUntilTimeout  stm32f0xx_hal_spi.o
    0x080052a8   0x000000a4   Code   RO         3122    i.SPI_WaitFlagStateUntilTimeout  stm32f0xx_hal_spi.o
    0x0800534c   0x00000072   Code   RO         3792    i.SetSysClock_PLL_HSE  system_stm32f0xx.o
    0x080053be   0x00000002   PAD
    0x080053c0   0x000000c0   Code   RO         1685    i.Set_GPIO_Clock    pinmap.o
    0x08005480   0x00000070   Code   RO         3794    i.SystemCoreClockUpdate  system_stm32f0xx.o
    0x080054f0   0x000000d8   Code   RO         3795    i.SystemInit        system_stm32f0xx.o
    0x080055c8   0x00000098   Code   RO         3278    i.TIM_Base_SetConfig  stm32f0xx_hal_tim.o
    0x08005660   0x000000cc   Code   RO         3545    i.UART_AdvFeatureConfig  stm32f0xx_hal_uart.o
    0x0800572c   0x0000007c   Code   RO         3546    i.UART_CheckIdleState  stm32f0xx_hal_uart.o
    0x080057a8   0x000001dc   Code   RO         3559    i.UART_SetConfig    stm32f0xx_hal_uart.o
    0x08005984   0x00000078   Code   RO         3561    i.UART_WaitOnFlagUntilTimeout  stm32f0xx_hal_uart.o
    0x080059fc   0x00000030   Code   RO            3    i._Z11OnRxTimeoutv  main.o
    0x08005a2c   0x00000030   Code   RO            4    i._Z11OnTxTimeoutv  main.o
    0x08005a5c   0x0000016c   Code   RO            5    i._Z14LoRaConProcessv  main.o
    0x08005bc8   0x00000048   Code   RO            6    i._Z8OnRxDonePhtsa  main.o
    0x08005c10   0x00000030   Code   RO            7    i._Z8OnTxDonev      main.o
    0x08005c40   0x00000020   Code   RO            8    i._Z8debug_ifbPKcz  main.o
    0x08005c60   0x00000002   Code   RO            9    i._Z9OnCadDoneb     main.o
    0x08005c62   0x00000002   PAD
    0x08005c64   0x00000030   Code   RO           10    i._Z9OnRxErrorv     main.o
    0x08005c94   0x0000002c   Code   RO          584    i._ZN12SX1272MB2xAS11AntSwDeInitEv  sx1272-hal.o
    0x08005cc0   0x00000018   Code   RO          585    i._ZN12SX1272MB2xAS11GetPaSelectEj  sx1272-hal.o
    0x08005cd8   0x00000022   Code   RO          588    i._ZN12SX1272MB2xAS16SetAntSwLowPowerEb  sx1272-hal.o
    0x08005cfa   0x00000012   Code   RO          590    i._ZN12SX1272MB2xAS4ReadEh  sx1272-hal.o
    0x08005d0c   0x00000074   Code   RO          591    i._ZN12SX1272MB2xAS4ReadEhPhh  sx1272-hal.o
    0x08005d80   0x00000068   Code   RO          592    i._ZN12SX1272MB2xAS5ResetEv  sx1272-hal.o
    0x08005de8   0x00000070   Code   RO          593    i._ZN12SX1272MB2xAS5WriteEhPhh  sx1272-hal.o
    0x08005e58   0x00000010   Code   RO          594    i._ZN12SX1272MB2xAS5WriteEhh  sx1272-hal.o
    0x08005e68   0x00000040   Code   RO          596    i._ZN12SX1272MB2xAS7SpiInitEv  sx1272-hal.o
    0x08005ea8   0x00000012   Code   RO          598    i._ZN12SX1272MB2xAS8ReadFifoEPhh  sx1272-hal.o
    0x08005eba   0x00000002   PAD
    0x08005ebc   0x0000004c   Code   RO          599    i._ZN12SX1272MB2xAS8SetAntSwEh  sx1272-hal.o
    0x08005f08   0x0000002c   Code   RO          600    i._ZN12SX1272MB2xAS9AntSwInitEv  sx1272-hal.o
    0x08005f34   0x00000108   Code   RO          601    i._ZN12SX1272MB2xAS9IoIrqInitEPM6SX1272FvvE  sx1272-hal.o
    0x0800603c   0x00000012   Code   RO          602    i._ZN12SX1272MB2xAS9WriteFifoEPhh  sx1272-hal.o
    0x0800604e   0x00000002   PAD
    0x08006050   0x0000017c   Code   RO          603    i._ZN12SX1272MB2xASC1EP13RadioEvents_t  sx1272-hal.o
    0x080061cc   0x00000008   Code   RO           83    i._ZN12SX1272MB2xASD1Ev  main.o
    0x080061d4   0x00000006   Code   RO         4110    i._ZN4mbed10TimerEvent3irqEj  mbed.ar(TimerEvent.o)
    0x080061da   0x00000012   Code   RO         4111    i._ZN4mbed10TimerEvent6insertEj  mbed.ar(TimerEvent.o)
    0x080061ec   0x0000000e   Code   RO         4112    i._ZN4mbed10TimerEvent6removeEv  mbed.ar(TimerEvent.o)
    0x080061fa   0x00000002   PAD
    0x080061fc   0x00000028   Code   RO         4114    i._ZN4mbed10TimerEventC2Ev  mbed.ar(TimerEvent.o)
    0x08006224   0x00000018   Code   RO         4116    i._ZN4mbed10TimerEventD2Ev  mbed.ar(TimerEvent.o)
    0x0800623c   0x00000044   Code   RO         3925    i._ZN4mbed11InterruptIn12_irq_handlerEj14gpio_irq_event  mbed.ar(InterruptIn.o)
    0x08006280   0x00000074   Code   RO         3929    i._ZN4mbed11InterruptIn4riseENS_8CallbackIFvvEEE  mbed.ar(InterruptIn.o)
    0x080062f4   0x0000006c   Code   RO         3930    i._ZN4mbed11InterruptInC1E7PinName  mbed.ar(InterruptIn.o)
    0x08006360   0x00000038   Code   RO         3932    i._ZN4mbed11InterruptInD1Ev  mbed.ar(InterruptIn.o)
    0x08006398   0x00000074   Code   RO         3983    i._ZN4mbed3SPI14start_transferEPKviPvihRKNS_8CallbackIFviEEEi  mbed.ar(SPI.o)
    0x0800640c   0x0000003c   Code   RO         3985    i._ZN4mbed3SPI18irq_handler_asynchEv  mbed.ar(SPI.o)
    0x08006448   0x000000e4   Code   RO         3987    i._ZN4mbed3SPI19dequeue_transactionEv  mbed.ar(SPI.o)
    0x0800652c   0x0000002c   Code   RO         3989    i._ZN4mbed3SPI4lockEv  mbed.ar(SPI.o)
    0x08006558   0x0000002a   Code   RO         3990    i._ZN4mbed3SPI5writeEi  mbed.ar(SPI.o)
    0x08006582   0x00000002   PAD
    0x08006584   0x0000003c   Code   RO         3991    i._ZN4mbed3SPI6aquireEv  mbed.ar(SPI.o)
    0x080065c0   0x00000034   Code   RO         3992    i._ZN4mbed3SPI6formatEii  mbed.ar(SPI.o)
    0x080065f4   0x0000002c   Code   RO         3993    i._ZN4mbed3SPI6unlockEv  mbed.ar(SPI.o)
    0x08006620   0x00000090   Code   RO         3996    i._ZN4mbed3SPIC1E7PinNameS1_S1_S1_  mbed.ar(SPI.o)
    0x080066b0   0x00000028   Code   RO         4070    i._ZN4mbed6Ticker5setupEj  mbed.ar(Ticker.o)
    0x080066d8   0x0000002a   Code   RO         4071    i._ZN4mbed6Ticker6detachEv  mbed.ar(Ticker.o)
    0x08006702   0x00000002   PAD
    0x08006704   0x00000038   Code   RO         4072    i._ZN4mbed6Ticker7handlerEv  mbed.ar(Ticker.o)
    0x0800673c   0x0000002c   Code   RO         4093    i._ZN4mbed7Timeout7handlerEv  mbed.ar(Timeout.o)
    0x08006768   0x00000004   Code   RO         4251    i._ZN4mbed8FileBase11getPathTypeEv  mbed.ar(FileBase.o)
    0x0800676c   0x00000070   Code   RO         4253    i._ZN4mbed8FileBase6lookupEPKcj  mbed.ar(FileBase.o)
    0x080067dc   0x0000001a   Code   RO         3828    i._ZN4mbed8FilePath10fileSystemEv  mbed.ar(FilePath.o)
    0x080067f6   0x00000020   Code   RO         3830    i._ZN4mbed8FilePath4fileEv  mbed.ar(FilePath.o)
    0x08006816   0x0000000a   Code   RO         3831    i._ZN4mbed8FilePath6existsEv  mbed.ar(FilePath.o)
    0x08006820   0x00000018   Code   RO         3832    i._ZN4mbed8FilePath6isFileEv  mbed.ar(FilePath.o)
    0x08006838   0x00000004   Code   RO         3833    i._ZN4mbed8FilePath8fileNameEv  mbed.ar(FilePath.o)
    0x0800683c   0x00000044   Code   RO         3834    i._ZN4mbed8FilePathC1EPKc  mbed.ar(FilePath.o)
    0x08006880   0x00000002   Code   RO         3934    i._ZN4mbed9donothingEv  mbed.ar(InterruptIn.o)
    0x08006882   0x00000002   PAD
    0x08006884   0x0000000c   Code   RO         1270    i._ZN5RadioC2EP13RadioEvents_t  radio.o
    0x08006890   0x00000050   Code   RO          915    i._ZN6SX127210SetChannelEj  sx1272.o
    0x080068e0   0x000002c8   Code   RO          916    i._ZN6SX127211SetRxConfigE9ModemTypejjhjttbhbbhbb  sx1272.o
    0x08006ba8   0x00000308   Code   RO          917    i._ZN6SX127211SetTxConfigE9ModemTypeajjjhtbbbhbj  sx1272.o
    0x08006eb0   0x00000128   Code   RO          918    i._ZN6SX127212OnTimeoutIrqEv  sx1272.o
    0x08006fd8   0x0000023c   Code   RO          922    i._ZN6SX12722RxEj   sx1272.o
    0x08007214   0x00000004   Code   RO          924    i._ZN6SX12724InitEP13RadioEvents_t  sx1272.o
    0x08007218   0x00000030   Code   RO          926    i._ZN6SX12725SleepEv  sx1272.o
    0x08007248   0x00000098   Code   RO          930    i._ZN6SX12728SetModemE9ModemType  sx1272.o
    0x080072e0   0x000003a4   Code   RO          933    i._ZN6SX12729OnDio0IrqEv  sx1272.o
    0x08007684   0x000000e8   Code   RO          934    i._ZN6SX12729OnDio1IrqEv  sx1272.o
    0x0800776c   0x000000f0   Code   RO          935    i._ZN6SX12729OnDio2IrqEv  sx1272.o
    0x0800785c   0x0000005a   Code   RO          936    i._ZN6SX12729OnDio3IrqEv  sx1272.o
    0x080078b6   0x0000001e   Code   RO          937    i._ZN6SX12729OnDio4IrqEv  sx1272.o
    0x080078d4   0x0000005e   Code   RO          939    i._ZN6SX12729SetOpModeEh  sx1272.o
    0x08007932   0x00000002   PAD
    0x08007934   0x00000164   Code   RO          941    i._ZN6SX1272C2EP13RadioEvents_t7PinNameS2_S2_S2_S2_S2_S2_S2_S2_S2_S2_  sx1272.o
    0x08007a98   0x000000d8   Code   RO          943    i._ZN6SX1272D2Ev    sx1272.o
    0x08007b70   0x0000000e   Code   RO         1748    i._ZdlPv            retarget.o
    0x08007b7e   0x00000002   PAD
    0x08007b80   0x00000034   Code   RO         1749    i._Znaj             retarget.o
    0x08007bb4   0x00000030   Code   RO         4980    i.__ARM_common_ll_muluu  c_p.l(btod.o)
    0x08007be4   0x0000002c   Code   RO         5025    i.__ARM_fpclassify  m_ps.l(fpclassify.o)
    0x08007c10   0x00000004   Code   RO         1751    i.__aeabi_atexit    retarget.o
    0x08007c14   0x00000022   Code   RO         4534    i.__aeabi_vec_ctor_nocookie_nodtor  cpprt_p.l(aeabi_vec_ctor_nocookie_nodtor.o)
    0x08007c36   0x0000000a   Code   RO         4425    i.__cxa_pure_virtual  cpprt_p.l(pure_virt.o)
    0x08007c40   0x00000034   Code   RO         3997    i.__sti___7_SPI_cpp_ab1f1164  mbed.ar(SPI.o)
    0x08007c74   0x00000020   Code   RO           11    i.__sti___8_main_cpp_State  main.o
    0x08007c94   0x00000010   Code   RO         3786    i.__user_setup_stackheap  sys.o
    0x08007ca4   0x0000000e   Code   RO         4670    i._is_digit         c_p.l(__printf_wp.o)
    0x08007cb2   0x00000008   Code   RO         1754    i._platform_post_stackheap_init  retarget.o
    0x08007cba   0x00000002   PAD
    0x08007cbc   0x0000002c   Code   RO         1755    i._sys_close        retarget.o
    0x08007ce8   0x00000028   Code   RO         1758    i._sys_flen         retarget.o
    0x08007d10   0x00000028   Code   RO         1759    i._sys_istty        retarget.o
    0x08007d38   0x000001cc   Code   RO         1760    i._sys_open         retarget.o
    0x08007f04   0x00000028   Code   RO         1762    i._sys_seek         retarget.o
    0x08007f2c   0x0000006c   Code   RO         1763    i._sys_write        retarget.o
    0x08007f98   0x000000c8   Code   RO         4569    i.ceil              m_ps.l(ceil.o)
    0x08008060   0x0000008c   Code   RO         4212    i.core_util_critical_section_enter  mbed.ar(mbed_critical.o)
    0x080080ec   0x00000058   Code   RO         4213    i.core_util_critical_section_exit  mbed.ar(mbed_critical.o)
    0x08008144   0x00000012   Code   RO         4235    i.error             mbed.ar(mbed_error.o)
    0x08008156   0x00000002   PAD
    0x08008158   0x00000020   Code   RO         1765    i.exit              retarget.o
    0x08008178   0x0000001e   Code   RO         4864    i.fputc             c_p.l(fputc.o)
    0x08008196   0x00000002   PAD
    0x08008198   0x00000008   Code   RO         4166    i.get_us_ticker_data  mbed.ar(mbed_us_ticker_api.o)
    0x080081a0   0x0000004c   Code   RO         1528    i.gpio_dir          gpio_api.o
    0x080081ec   0x00000038   Code   RO         1529    i.gpio_init         gpio_api.o
    0x08008224   0x00000022   Code   RO         4140    i.gpio_init_in      mbed.ar(mbed_gpio.o)
    0x08008246   0x00000002   PAD
    0x08008248   0x00000040   Code   RO         4143    i.gpio_init_out     mbed.ar(mbed_gpio.o)
    0x08008288   0x00000060   Code   RO         4144    i.gpio_init_out_ex  mbed.ar(mbed_gpio.o)
    0x080082e8   0x0000000c   Code   RO         1541    i.gpio_irq0         gpio_irq_api.o
    0x080082f4   0x0000000c   Code   RO         1542    i.gpio_irq1         gpio_irq_api.o
    0x08008300   0x0000000c   Code   RO         1543    i.gpio_irq2         gpio_irq_api.o
    0x0800830c   0x0000005c   Code   RO         1546    i.gpio_irq_free     gpio_irq_api.o
    0x08008368   0x00000100   Code   RO         1547    i.gpio_irq_init     gpio_irq_api.o
    0x08008468   0x00000072   Code   RO         1548    i.gpio_irq_set      gpio_irq_api.o
    0x080084da   0x0000000e   Code   RO         1530    i.gpio_mode         gpio_api.o
    0x080084e8   0x00000064   Code   RO         1549    i.handle_interrupt_in  gpio_irq_api.o
    0x0800854c   0x00000040   Code   RO         3752    i.init_spi          stm_spi_api.o
    0x0800858c   0x00000080   Code   RO         1926    i.init_uart         serial_api.o
    0x0800860c   0x00000004   Code   RO           12    i.main              main.o
    0x08008610   0x00000054   Code   RO         4193    i.mbed_assert_internal  mbed.ar(mbed_assert.o)
    0x08008664   0x00000012   Code   RO         1669    i.mbed_die          mbed_board.o
    0x08008676   0x00000002   PAD
    0x08008678   0x00000058   Code   RO         1670    i.mbed_error_printf  mbed_board.o
    0x080086d0   0x00000050   Code   RO         1671    i.mbed_error_vfprintf  mbed_board.o
    0x08008720   0x00000002   Code   RO         1766    i.mbed_main         retarget.o
    0x08008722   0x0000000c   Code   RO         1679    i.mbed_sdk_init     mbed_overrides.o
    0x0800872e   0x00000002   PAD
    0x08008730   0x0000006c   Code   RO         1686    i.pin_function      pinmap.o
    0x0800879c   0x00000078   Code   RO         1687    i.pin_function_gpiomode  pinmap.o
    0x08008814   0x00000054   Code   RO         1688    i.pin_mode          pinmap.o
    0x08008868   0x00000034   Code   RO         4180    i.pinmap_merge      mbed.ar(mbed_pinmap_common.o)
    0x0800889c   0x0000005c   Code   RO         4181    i.pinmap_peripheral  mbed.ar(mbed_pinmap_common.o)
    0x080088f8   0x00000054   Code   RO         4182    i.pinmap_pinout     mbed.ar(mbed_pinmap_common.o)
    0x0800894c   0x0000000a   Code   RO         1927    i.serial_baud       serial_api.o
    0x08008956   0x00000002   PAD
    0x08008958   0x00000220   Code   RO         1934    i.serial_init       serial_api.o
    0x08008b78   0x00000024   Code   RO         1939    i.serial_putc       serial_api.o
    0x08008b9c   0x00000084   Code   RO         3756    i.spi_format        stm_spi_api.o
    0x08008c20   0x0000008c   Code   RO         3758    i.spi_frequency     stm_spi_api.o
    0x08008cac   0x00000008   Code   RO         2007    i.spi_get_clock_freq  spi_api.o
    0x08008cb4   0x0000015c   Code   RO         3759    i.spi_init          stm_spi_api.o
    0x08008e10   0x0000006c   Code   RO         3784    i.spi_irq_handler_asynch  stm_spi_api.o
    0x08008e7c   0x000000f4   Code   RO         3760    i.spi_master_start_asynch_transfer  stm_spi_api.o
    0x08008f70   0x000000d2   Code   RO         3761    i.spi_master_transfer  stm_spi_api.o
    0x08009042   0x00000036   Code   RO         3762    i.spi_master_write  stm_spi_api.o
    0x08009078   0x00000044   Code   RO         4285    i.ticker_insert_event  mbed.ar(mbed_ticker_api.o)
    0x080090bc   0x0000004a   Code   RO         4286    i.ticker_irq_handler  mbed.ar(mbed_ticker_api.o)
    0x08009106   0x00000006   Code   RO         4287    i.ticker_read       mbed.ar(mbed_ticker_api.o)
    0x0800910c   0x00000046   Code   RO         4288    i.ticker_remove_event  mbed.ar(mbed_ticker_api.o)
    0x08009152   0x00000012   Code   RO         4289    i.ticker_set_handler  mbed.ar(mbed_ticker_api.o)
    0x08009164   0x00000060   Code   RO         1572    i.timer_irq_handler  hal_tick_32b.o
    0x080091c4   0x00000014   Code   RO         3812    i.us_ticker_clear_interrupt  us_ticker_32b.o
    0x080091d8   0x00000018   Code   RO         3813    i.us_ticker_disable_interrupt  us_ticker_32b.o
    0x080091f0   0x00000028   Code   RO         3814    i.us_ticker_init    us_ticker_32b.o
    0x08009218   0x00000010   Code   RO         4167    i.us_ticker_irq_handler  mbed.ar(mbed_us_ticker_api.o)
    0x08009228   0x00000028   Code   RO         3815    i.us_ticker_read    us_ticker_32b.o
    0x08009250   0x00000018   Code   RO         3816    i.us_ticker_set_interrupt  us_ticker_32b.o
    0x08009268   0x00000024   Code   RO         4241    i.wait              mbed.ar(mbed_wait_api_no_rtos.o)
    0x0800928c   0x0000001c   Code   RO         4242    i.wait_ms           mbed.ar(mbed_wait_api_no_rtos.o)
    0x080092a8   0x0000002c   Code   RO         4985    locale$$code        c_p.l(lc_numeric_c.o)
    0x080092d4   0x0000002c   Code   RO         5043    locale$$code        c_p.l(lc_ctype_c.o)
    0x08009300   0x0000002c   Code   RO         4277    t._ZN12SingletonPtrI13PlatformMutexEptEv  mbed.ar(FileBase.o)
    0x0800932c   0x0000001a   Code   RO         4054    t._ZN4mbed11TransactionINS_3SPIEEC1Ev  mbed.ar(SPI.o)
    0x08009346   0x00000018   Code   RO         4063    t._ZN4mbed11TransactionINS_3SPIEED1Ev  mbed.ar(SPI.o)
    0x0800935e   0x00000002   PAD
    0x08009360   0x00000018   Code   RO         4060    t._ZN4mbed14CircularBufferINS_11TransactionINS_3SPIEEELj2EjED1Ev  mbed.ar(SPI.o)
    0x08009378   0x00000058   Code   RO         1121    t._ZN4mbed6Ticker9attach_usI6SX1272MS2_FvvEEEvPT_T0_j  sx1272.o
    0x080093d0   0x00000018   Code   RO          739    t._ZN4mbed8CallbackIFvvEE13function_callINS2_14method_contextI12SX1272MB2xASMS5_FvvEEEEEvPKv  sx1272-hal.o
    0x080093e8   0x00000018   Code   RO         1132    t._ZN4mbed8CallbackIFvvEE13function_callINS2_14method_contextI6SX1272MS5_FvvEEEEEvPKv  sx1272.o
    0x08009400   0x00000004   Code   RO         3969    t._ZN4mbed8CallbackIFvvEE13function_callIPS1_EEvPKv  mbed.ar(InterruptIn.o)
    0x08009404   0x00000002   Code   RO          751    t._ZN4mbed8CallbackIFvvEE13function_dtorINS2_14method_contextI12SX1272MB2xASMS5_FvvEEEEEvPv  sx1272-hal.o
    0x08009406   0x00000002   Code   RO         1144    t._ZN4mbed8CallbackIFvvEE13function_dtorINS2_14method_contextI6SX1272MS5_FvvEEEEEvPv  sx1272.o
    0x08009408   0x00000002   Code   RO         3975    t._ZN4mbed8CallbackIFvvEE13function_dtorIPS1_EEvPv  mbed.ar(InterruptIn.o)
    0x0800940a   0x00000012   Code   RO          745    t._ZN4mbed8CallbackIFvvEE13function_moveINS2_14method_contextI12SX1272MB2xASMS5_FvvEEEEEvPvPKv  sx1272-hal.o
    0x0800941c   0x00000012   Code   RO         1138    t._ZN4mbed8CallbackIFvvEE13function_moveINS2_14method_contextI6SX1272MS5_FvvEEEEEvPvPKv  sx1272.o
    0x0800942e   0x0000000a   Code   RO         3972    t._ZN4mbed8CallbackIFvvEE13function_moveIPS1_EEvPvPKv  mbed.ar(InterruptIn.o)
    0x08009438   0x0000002e   Code   RO         4051    t._ZN6CThunkIN4mbed3SPIEE10trampolineEPS1_PvPMS1_FvS4_E  mbed.ar(SPI.o)
    0x08009466   0x00000002   PAD
    0x08009468   0x00000068   Code   RO         4553    x$fpl$drleqf        fz_ps.l(drlef.o)
    0x080094d0   0x000000b0   Code   RO         4566    x$fpl$fmul          fz_ps.l(fmul.o)
    0x08009580   0x00000010   Code   RO         4804    x$fpl$printf1       fz_ps.l(printf1.o)
    0x08009590   0x00000010   Code   RO         4806    x$fpl$printf2       fz_ps.l(printf2.o)
    0x080095a0   0x00000000   Code   RO         4812    x$fpl$usenofp       fz_ps.l(usenofp.o)
    0x080095a0   0x00000033   Data   RO          626    .constdata          sx1272-hal.o
    0x080095d3   0x00000001   PAD
    0x080095d4   0x000000e8   Data   RO          973    .constdata          sx1272.o
    0x080096bc   0x000000c0   Data   RO         1435    .constdata          PeripheralPins.o
    0x0800977c   0x000000c0   Data   RO         1436    .constdata          PeripheralPins.o
    0x0800983c   0x0000003c   Data   RO         1439    .constdata          PeripheralPins.o
    0x08009878   0x0000003c   Data   RO         1440    .constdata          PeripheralPins.o
    0x080098b4   0x0000003c   Data   RO         1441    .constdata          PeripheralPins.o
    0x080098f0   0x0000003c   Data   RO         1442    .constdata          PeripheralPins.o
    0x0800992c   0x00000034   Data   RO         1689    .constdata          pinmap.o
    0x08009960   0x00000017   Data   RO         1816    .constdata          retarget.o
    0x08009977   0x00000001   PAD
    0x08009978   0x00000010   Data   RO         3766    .constdata          stm_spi_api.o
    0x08009988   0x00000010   Data   RO         3796    .constdata          system_stm32f0xx.o
    0x08009998   0x00000008   Data   RO         3797    .constdata          system_stm32f0xx.o
    0x080099a0   0x00000010   Data   RO         4017    .constdata          mbed.ar(SPI.o)
    0x080099b0   0x00000014   Data   RO         4168    .constdata          mbed.ar(mbed_us_ticker_api.o)
    0x080099c4   0x00000008   Data   RO         4169    .constdata          mbed.ar(mbed_us_ticker_api.o)
    0x080099cc   0x00000080   Data   RO         4543    .constdata          fz_ps.l(ddiv.o)
    0x08009a4c   0x00000008   Data   RO         4629    .constdata          c_p.l(_printf_wctomb.o)
    0x08009a54   0x00000028   Data   RO         4658    .constdata          c_p.l(_printf_hex_int_ll_ptr.o)
    0x08009a7c   0x00000011   Data   RO         4678    .constdata          c_p.l(__printf_flags_ss_wp.o)
    0x08009a8d   0x00000026   Data   RO         4852    .constdata          c_p.l(_printf_fp_hex.o)
    0x08009ab3   0x00000001   PAD
    0x08009ab4   0x00000094   Data   RO         4976    .constdata          c_p.l(bigflt0.o)
    0x08009b48   0x000000c0   Data   RO          732    .constdata__ZTV12SX1272MB2xAS  sx1272-hal.o
    0x08009c08   0x00000070   Data   RO         1286    .constdata__ZTV5Radio  radio.o
    0x08009c78   0x000000bc   Data   RO         1120    .constdata__ZTV6SX1272  sx1272.o
    0x08009d34   0x00000014   Data   RO         4135    .constdata__ZTVN4mbed10TimerEventE  mbed.ar(TimerEvent.o)
    0x08009d48   0x00000010   Data   RO         3963    .constdata__ZTVN4mbed11InterruptInE  mbed.ar(InterruptIn.o)
    0x08009d58   0x0000001c   Data   RO         4045    .constdata__ZTVN4mbed3SPIE  mbed.ar(SPI.o)
    0x08009d74   0x00000014   Data   RO         4082    .constdata__ZTVN4mbed6TickerE  mbed.ar(Ticker.o)
    0x08009d88   0x00000014   Data   RO         4099    .constdata__ZTVN4mbed7TimeoutE  mbed.ar(Timeout.o)
    0x08009d9c   0x00000014   Data   RO         1878    .constdata__ZZN12SingletonPtrI13PlatformMutexE3getEvEs  retarget.o
    0x08009db0   0x0000004d   Data   RO         1879    .constdata__ZZN12SingletonPtrI13PlatformMutexE3getEvEs_0  retarget.o
    0x08009dfd   0x00000003   PAD
    0x08009e00   0x0000000c   Data   RO          737    .constdata__ZZN4mbed8CallbackIFvvEE8generateINS2_14method_contextI12SX1272MB2xASMS5_FvvEEEEEvRKT_E3ops  sx1272-hal.o
    0x08009e0c   0x0000000c   Data   RO         1128    .constdata__ZZN4mbed8CallbackIFvvEE8generateINS2_14method_contextI6SX1272MS5_FvvEEEEEvRKT_E3ops  sx1272.o
    0x08009e18   0x0000000c   Data   RO         3967    .constdata__ZZN4mbed8CallbackIFvvEE8generateIPS1_EEvRKT_E3ops  mbed.ar(InterruptIn.o)
    0x08009e24   0x00000005   Data   RO         3964    .constdata__ZZNK4mbed8CallbackIFvvEE4callEvEs  mbed.ar(InterruptIn.o)
    0x08009e29   0x00000049   Data   RO         3965    .constdata__ZZNK4mbed8CallbackIFvvEE4callEvEs_0  mbed.ar(InterruptIn.o)
    0x08009e72   0x00000002   PAD
    0x08009e74   0x00000057   Data   RO         1532    .conststring        gpio_api.o
    0x08009ecb   0x00000001   PAD
    0x08009ecc   0x00000055   Data   RO         1690    .conststring        pinmap.o
    0x08009f21   0x00000003   PAD
    0x08009f24   0x00000059   Data   RO         1959    .conststring        serial_api.o
    0x08009f7d   0x00000003   PAD
    0x08009f80   0x0000004b   Data   RO         3767    .conststring        stm_spi_api.o
    0x08009fcb   0x00000001   PAD
    0x08009fcc   0x00000072   Data   RO         4145    .conststring        mbed.ar(mbed_gpio.o)
    0x0800a03e   0x00000002   PAD
    0x0800a040   0x00000043   Data   RO         4214    .conststring        mbed.ar(mbed_critical.o)
    0x0800a083   0x00000001   PAD
    0x0800a084   0x00000020   Data   RO         5071    Region$$Table       anon$$obj.o
    0x0800a0a4   0x0000001c   Data   RO         4984    locale$$data        c_p.l(lc_numeric_c.o)
    0x0800a0c0   0x00000110   Data   RO         5042    locale$$data        c_p.l(lc_ctype_c.o)
    0x0800a1d0   0x00000004   Data   RO           25    .init_array         main.o
    0x0800a1d4   0x00000004   Data   RO         4019    .init_array         mbed.ar(SPI.o)
    0x0800a1d8   0x00000000   Data   RO         4420    .init_array         c_p.l(init_aeabi.o)


    Execution Region RW_IRAM1 (Base: 0x200000c0, Size: 0x00000c04, Max: 0x00007f40, ABSOLUTE)

    Base Addr    Size         Type   Attr      Idx    E Section Name        Object

    0x200000c0   0x0000000c   Data   RW           24    .data               main.o
    0x200000cc   0x00000044   Data   RW         1551    .data               gpio_irq_api.o
    0x20000110   0x00000004   Data   RW         1573    .data               hal_tick_32b.o
    0x20000114   0x00000008   Data   RW         1819    .data               retarget.o
    0x2000011c   0x00000008   Data   RW         1960    .data               serial_api.o
    0x20000124   0x00000004   Data   RW         2033    .data               stm32f0xx_hal.o
    0x20000128   0x00000004   Data   RW         3798    .data               system_stm32f0xx.o
    0x2000012c   0x00000004   Data   RW         3818    .data               us_ticker_32b.o
    0x20000130   0x0000000c   Data   RW         4018    .data               mbed.ar(SPI.o)
    0x2000013c   0x00000008   Data   RW         4170    .data               mbed.ar(mbed_us_ticker_api.o)
    0x20000144   0x00000008   Data   RW         4215    .data               mbed.ar(mbed_critical.o)
    0x2000014c   0x0000000c   Data   RW         4265    .data               mbed.ar(FileBase.o)
    0x20000158   0x00000004   Data   RW         4385    .data               c_p.l(stdio_streams.o)
    0x2000015c   0x00000004   Data   RW         4386    .data               c_p.l(stdio_streams.o)
    0x20000160   0x00000004   Data   RW         4387    .data               c_p.l(stdio_streams.o)
    0x20000164   0x00000004   Data   RW         4908    .data               c_p.l(heapauxa.o)
    0x20000168   0x000003b8   Zero   RW           23    .bss                main.o
    0x20000520   0x000001bc   Zero   RW         1550    .bss                gpio_irq_api.o
    0x200006dc   0x00000040   Zero   RW         1815    .bss                retarget.o
    0x2000071c   0x000003ec   Zero   RW         1958    .bss                serial_api.o
    0x20000b08   0x00000040   Zero   RW         3817    .bss                us_ticker_32b.o
    0x20000b48   0x00000064   Zero   RW         4016    .bss                mbed.ar(SPI.o)
    0x20000bac   0x00000054   Zero   RW         4382    .bss                c_p.l(stdio_streams.o)
    0x20000c00   0x00000054   Zero   RW         4383    .bss                c_p.l(stdio_streams.o)
    0x20000c54   0x00000054   Zero   RW         4384    .bss                c_p.l(stdio_streams.o)
    0x20000ca8   0x00000004   Zero   RW         4586    .bss                c_p.l(rt_heap_descriptor.o)
    0x20000cac   0x00000014   Zero   RW         4957    .bss                c_p.l(rt_locale.o)
    0x20000cc0   0x00000004   Zero   RW         4967    .bss                c_p.l(rt_errno_addr.o)


==============================================================================

Image component sizes


      Code (inc. data)   RO Data    RW Data    ZI Data      Debug   Object Name

         0          0        624          0          0          0   PeripheralPins.o
        68          8          0          0          0         80   cmsis_nvic.o
       146         32         87          0          0        212   gpio_api.o
       598         92          0         68        444        520   gpio_irq_api.o
       284         34          0          4          0        152   hal_tick_32b.o
       706        294          4         12        952     482088   main.o
       186         20          0          0          0        240   mbed_board.o
        12          0          0          0          0         68   mbed_overrides.o
       504        132        137          0          0        304   pinmap.o
        12          4        112          0          0       2096   radio.o
       856        118        120          8         64        880   retarget.o
       718        118         89          8       1004        276   serial_api.o
         8          0          0          0          0         68   spi_api.o
        28          8        188          0          0        164   startup_stm32f091rc.o
        62         18          0          4          0        248   stm32f0xx_hal.o
        72          0          0          0          0         72   stm32f0xx_hal_dma.o
       588         54          0          0          0        160   stm32f0xx_hal_gpio.o
      1836        116          0          0          0        392   stm32f0xx_hal_rcc.o
      3694        100          0          0          0       2156   stm32f0xx_hal_spi.o
       292         42          0          0          0        284   stm32f0xx_hal_tim.o
      1032         66          0          0          0        444   stm32f0xx_hal_uart.o
      1300        184         91          0          0        620   stm_spi_api.o
      1376        112        255          0          0      42127   sx1272-hal.o
      4962        128        432          0          0      39040   sx1272.o
        16          6          0          0          0         60   sys.o
       442         44         24          4          0        240   system_stm32f0xx.o
       148         32          0          4         64        316   us_ticker_32b.o

    ----------------------------------------------------------------------
     19978       1762       2208        112       2528     573307   Object Totals
         0          0         32          0          0          0   (incl. Generated)
        32          0         13          0          0          0   (incl. Padding)

    ----------------------------------------------------------------------

      Code (inc. data)   RO Data    RW Data    ZI Data      Debug   Library Member Name

        64         10          0          0          0         84   __0sscanf.o
         8          0          0          0          0         68   __main.o
       392          6         17          0          0         76   __printf_flags_ss_wp.o
        14          0          0          0          0         60   __printf_wp.o
         0          0          0          0          0          0   __rtentry.o
        20          0          0          0          0          0   __rtentry2.o
         6          0          0          0          0          0   __rtentry4.o
        60          8          0          0          0          0   __scatter.o
        26          0          0          0          0          0   __scatter_copy.o
        28          0          0          0          0          0   __scatter_zi.o
        30          0          0          0          0         60   _chval.o
        10          0          0          0          0          0   _printf_a.o
        10          0          0          0          0          0   _printf_c.o
        46          0          0          0          0        100   _printf_char.o
        48          6          0          0          0         88   _printf_char_common.o
        40          6          0          0          0         72   _printf_char_file.o
        38          0          0          0          0         60   _printf_charcount.o
        10          0          0          0          0          0   _printf_d.o
       108         18          0          0          0         76   _printf_dec.o
        10          0          0          0          0          0   _printf_e.o
        10          0          0          0          0          0   _printf_f.o
      1044         14          0          0          0        176   _printf_fp_dec.o
       728         10         38          0          0         84   _printf_fp_hex.o
       136         16          0          0          0         76   _printf_fp_infnan.o
        10          0          0          0          0          0   _printf_g.o
       152          4         40          0          0        148   _printf_hex_int_ll_ptr.o
        10          0          0          0          0          0   _printf_i.o
       176          0          0          0          0         84   _printf_intcommon.o
        10          0          0          0          0          0   _printf_l.o
        10          0          0          0          0          0   _printf_lc.o
        10          0          0          0          0          0   _printf_ll.o
        10          0          0          0          0          0   _printf_lld.o
        10          0          0          0          0          0   _printf_lli.o
        10          0          0          0          0          0   _printf_llo.o
        10          0          0          0          0          0   _printf_llu.o
        10          0          0          0          0          0   _printf_llx.o
       112         18          0          0          0         76   _printf_longlong_dec.o
        10          0          0          0          0          0   _printf_ls.o
        10          0          0          0          0          0   _printf_n.o
        10          0          0          0          0          0   _printf_o.o
       112         10          0          0          0        112   _printf_oct_int_ll.o
        10          0          0          0          0          0   _printf_p.o
        78          0          0          0          0        100   _printf_pad.o
         2          0          0          0          0          0   _printf_percent.o
         4          0          0          0          0          0   _printf_percent_end.o
        10          0          0          0          0          0   _printf_s.o
        82          0          0          0          0         72   _printf_str.o
        36          0          0          0          0         76   _printf_truncate.o
        10          0          0          0          0          0   _printf_u.o
        46          0          0          0          0        100   _printf_wchar.o
       188          6          8          0          0         80   _printf_wctomb.o
        10          0          0          0          0          0   _printf_x.o
       896         16          0          0          0         84   _scanf.o
       330          0          0          0          0         84   _scanf_int.o
        68          0          0          0          0         76   _sgetc.o
        10          0          0          0          0         60   _sputc.o
        64          0          0          0          0         72   _wcrtomb.o
        18          0          0          0          0         68   aeabi_memset.o
       488          0          0          0          0         92   aeabi_sdivfast.o
       200          4        148          0          0         80   bigflt0.o
      1272         16          0          0          0        328   btod.o
        14          0          0          0          0         68   c89vfprintf.o
        12          0          0          0          0         68   defsig_exit.o
        52          0          0          0          0         72   defsig_general.o
        48         34          0          0          0         68   defsig_pvfn_inner.o
        12          0          0          0          0         68   defsig_pvfn_outer.o
        80         58          0          0          0         68   defsig_rtmem_inner.o
        12          0          0          0          0         68   defsig_rtmem_outer.o
        52         38          0          0          0         68   defsig_rtred_inner.o
        12          0          0          0          0         68   defsig_rtred_outer.o
        76          4          0          0          0         76   fclose.o
         8          0          0          0          0         60   ferror.o
       104          4          0          0          0        100   fflush.o
       496         10          0          0          0         76   flsbuf.o
       232          8          0          0          0        108   fopen.o
        30          0          0          0          0         68   fputc.o
       244          4          0          0          0         76   fseek.o
        66          0          0          0          0         68   ftell.o
        98          0          0          0          0         72   h1_alloc.o
        52          0          0          0          0         68   h1_extend.o
        76          0          0          0          0         72   h1_free.o
        14          0          0          0          0         76   h1_init.o
        80          4          0          4          0         88   heapauxa.o
         4          0          0          0          0        120   hguard.o
         0          0          0          0          0          0   indicate_semi.o
        36         10          0          0          0         72   init_aeabi.o
       136          0          0          0          0        160   init_alloc.o
       316         44          0          0          0         96   initio.o
        18          0          0          0          0         68   isspace.o
        44         10        272          0          0         76   lc_ctype_c.o
        44         10         28          0          0         76   lc_numeric_c.o
         2          0          0          0          0          0   libinit.o
        46          0          0          0          0          0   libinit2.o
         0          0          0          0          0          0   libshutdown2.o
       122          0          0          0          0         72   lludiv10.o
         0          0          0          0          0          0   maybetermalloc1.o
        16          4          0          0          0         76   rt_ctype_table.o
         8          4          0          0          4         68   rt_errno_addr.o
         8          4          0          0          4         68   rt_heap_descriptor.o
         8          4          0          0         20         68   rt_locale.o
        64          0          0          0          0        108   rt_memclr.o
       186          0          0          0          0        144   rt_memcpy.o
        40          0          0          0          0         60   rtudiv10.o
        48          8          0          0          0         84   scanf_char.o
        76          4          0          0          0         72   setvbuf.o
       240          8          0          0          0        144   stdio.o
         0          0          0         12        252          0   stdio_streams.o
       160          4          0          0          0         80   strcmpv6m.o
        68          6          0          0          0         72   strlen.o
       160          6          0          0          0         76   strncmp.o
        12          4          0          0          0         60   sys_exit.o
        12          0          0          0          0         68   sys_wrch.o
         2          0          0          0          0         68   use_no_semi.o
        36          4          0          0          0         68   vsprintf.o
        34          0          0          0          0         80   aeabi_vec_ctor_nocookie_nodtor.o
        34          0          0          0          0         76   aeabi_vec_dtor_noexceptions.o
        10          0          0          0          0         68   pure_virt.o
        46          0          0          0          0         60   cmpret.o
       856         20          0          0          0        208   daddsub.o
       144          4          0          0          0         76   dcmpin.o
      1096         26        128          0          0        112   ddiv.o
       108         10          0          0          0         72   dfixi.o
        72          4          0          0          0         68   dfixui.o
        88          0          0          0          0         92   dflti.o
       584         26          0          0          0         84   dmul.o
        20          6          0          0          0         68   dnan2.o
       104          4          0          0          0        104   drlef.o
        96         12          0          0          0         72   dscalbn.o
        76          0          0          0          0         68   ffixi.o
       176          4          0          0          0         80   fmul.o
        16          4          0          0          0         76   printf1.o
        16          4          0          0          0         76   printf2.o
        94          0          0          0          0         68   retnan.o
         0          0          0          0          0          0   usenofp.o
       200         20          0          0          0         76   ceil.o
        44          4          0          0          0         60   fpclassify.o
       160         24          0         12          0        200   FileBase.o
       164          0          0          0          0        392   FilePath.o
       366         44        106          0          0        520   InterruptIn.o
       962        104         48         12        100       1012   SPI.o
       138         10         20          0          0        208   Ticker.o
        44         10         20          0          0         68   Timeout.o
       102         12         20          0          0        332   TimerEvent.o
        84         54          0          0          0         72   mbed_assert.o
       228         98         67          8          0        140   mbed_critical.o
        18          0          0          0          0         72   mbed_error.o
       194         38        114          0          0        220   mbed_gpio.o
       228         76          0          0          0        204   mbed_pinmap_common.o
       236          0          0          0          0        348   mbed_ticker_api.o
        24         10         28          8          0        128   mbed_us_ticker_api.o
        64          4          0          0          0        144   mbed_wait_api_no_rtos.o

    ----------------------------------------------------------------------
     18138       1098       1108         56        380      12424   Library Totals
        40          0          6          0          0          0   (incl. Padding)

    ----------------------------------------------------------------------

      Code (inc. data)   RO Data    RW Data    ZI Data      Debug   Library Name

     11172        466        551         16        280       6620   c_p.l
        78          0          0          0          0        224   cpprt_p.l
      3592        124        128          0          0       1384   fz_ps.l
       244         24          0          0          0        136   m_ps.l
      3012        484        423         40        100       4060   mbed.ar

    ----------------------------------------------------------------------
     18138       1098       1108         56        380      12424   Library Totals

    ----------------------------------------------------------------------

==============================================================================


      Code (inc. data)   RO Data    RW Data    ZI Data      Debug   

     38116       2860       3316        168       2908     571999   Grand Totals
     38116       2860       3316        168       2908     571999   ELF Image Totals
     38116       2860       3316        168          0          0   ROM Totals

==============================================================================

    Total RO  Size (Code + RO Data)                41432 (  40.46kB)
    Total RW  Size (RW Data + ZI Data)              3076 (   3.00kB)
    Total ROM Size (Code + RO Data + RW Data)      41600 (  40.63kB)

==============================================================================

